Component: ARM Compiler 5.06 update 2 (build 183) Tool: armlink [4d35b7]

==============================================================================

Section Cross References

    dfu_ble_svc.o(.emb_text) refers to dfu_ble_svc.o(.text) for C_SVC_Handler
    dfu_ble_svc.o(.text) refers to memcpya.o(.text) for __aeabi_memcpy
    dfu_ble_svc.o(.text) refers to crc16.o(.text) for crc16_compute
    dfu_ble_svc.o(.text) refers to dfu_ble_svc.o(NoInit) for NoInit
    main.o(.text) refers to app_error.o(.text) for app_error_handler
    main.o(.text) refers to pstorage_raw.o(.text) for pstorage_sys_event_handler
    main.o(.text) refers to app_error.o(.text) for app_error_handler_bare
    main.o(.text) refers to softdevice_handler.o(.text) for softdevice_handler_init
    main.o(.text) refers to app_timer.o(.text) for app_timer_init
    main.o(.text) refers to bootloader.o(.text) for bootloader_init
    main.o(.text) refers to app_scheduler.o(.text) for app_sched_init
    main.o(.text) refers to main.o(.constdata) for .constdata
    main.o(.text) refers to softdevice_handler_appsh.o(.text) for softdevice_evt_schedule
    main.o(.text) refers to main.o(.bss) for .bss
    main.o(.text) refers to app_timer_appsh.o(.text) for app_timer_evt_schedule
    ble_advdata.o(.text) refers to memcpya.o(.text) for __aeabi_memcpy
    ble_conn_params.o(.text) refers to memcpya.o(.text) for __aeabi_memcpy4
    ble_conn_params.o(.text) refers to app_timer.o(.text) for app_timer_create
    ble_conn_params.o(.text) refers to ble_conn_params.o(.data) for .data
    ble_conn_params.o(.text) refers to ble_conn_params.o(.bss) for .bss
    ble_conn_params.o(.text) refers to ble_conn_params.o(.constdata) for .constdata
    ble_conn_params.o(.text) refers to memcpya.o(.text) for __aeabi_memcpy
    ble_conn_params.o(.text) refers to ble_conn_params.o(.text) for is_conn_params_ok
    ble_conn_params.o(.text) refers to ble_conn_params.o(.data) for .data
    ble_conn_params.o(.text) refers to ble_conn_params.o(.bss) for .bss
    ble_conn_params.o(.constdata) refers to ble_conn_params.o(.bss) for m_conn_params_timer_id_data
    ble_dfu.o(.text) refers to ble_dfu.o(i.__ARM_common_switch8) for __ARM_common_switch8
    ble_dfu.o(.text) refers to memseta.o(.text) for __aeabi_memclr4
    ble_dfu.o(.text) refers to ble_dfu.o(.data) for .data
    ble_dfu.o(.text) refers to ble_dfu.o(.constdata) for .constdata
    ble_srv_common.o(.text) refers to strlen.o(.text) for strlen
    ble_srv_common.o(.text) refers to ble_dfu.o(i.__ARM_common_switch8) for __ARM_common_switch8
    ble_srv_common.o(.text) refers to ble_srv_common.o(.text) for set_security_req
    ble_srv_common.o(.text) refers to memseta.o(.text) for __aeabi_memclr4
    ble_srv_common.o(.text) refers to memseta.o(.text) for __aeabi_memclr4
    ble_srv_common.o(.text) refers to ble_srv_common.o(.text) for set_security_req
    nrf_delay.o(.text) refers to nrf_delay.o(.emb_text) for __asm___11_nrf_delay_c_532987f3__nrf_delay_us
    pstorage_raw.o(.text) refers to uidiv.o(.text) for __aeabi_uidivmod
    pstorage_raw.o(.text) refers to pstorage_raw.o(.bss) for .bss
    pstorage_raw.o(.text) refers to pstorage_raw.o(.data) for .data
    app_error.o(.text) refers to app_error_weak.o(.text) for app_error_fault_handler
    app_error.o(.text) refers to app_error_weak.o(.text) for app_error_fault_handler
    app_error.o(.text) refers to app_error.o(.bss) for .bss
    app_scheduler.o(.text) refers to app_util_platform.o(.text) for app_util_critical_region_enter
    app_scheduler.o(.text) refers to memcpya.o(.text) for __aeabi_memcpy
    app_scheduler.o(.text) refers to app_scheduler.o(.data) for .data
    app_timer.o(.text) refers to app_timer.o(.emb_text) for __asm___11_app_timer_c_cd27f9c3__nrf_delay_us
    app_timer.o(.text) refers to app_timer.o(.data) for .data
    app_timer.o(.text) refers to app_error.o(.text) for app_error_handler_bare
    app_timer.o(.text) refers to app_timer.o(.text) for user_id_get
    app_timer.o(.text) refers to app_timer.o(.data) for .data
    app_timer_appsh.o(.text) refers to app_error.o(.text) for app_error_handler_bare
    app_timer_appsh.o(.text) refers to app_scheduler.o(.text) for app_sched_event_put
    app_util_platform.o(.text) refers to app_util_platform.o(.data) for .data
    app_util_platform.o(.text) refers to app_util_platform.o(.data) for .data
    app_util_platform.o(.text) refers to softdevice_handler.o(.data) for nrf_nvic_state
    bootloader.o(.text) refers to app_error.o(.text) for app_error_handler_bare
    bootloader.o(.text) refers to app_scheduler.o(.text) for app_sched_execute
    bootloader.o(.text) refers to bootloader_settings.o(.text) for bootloader_util_settings_get
    bootloader.o(.text) refers to crc16.o(.text) for crc16_compute
    bootloader.o(.text) refers to pstorage_raw.o(.text) for pstorage_clear
    bootloader.o(.text) refers to dfu_transport_ble.o(.text) for dfu_transport_close
    bootloader.o(.text) refers to dfu_dual_bank.o(.text) for dfu_init
    bootloader.o(.text) refers to bootloader_util.o(.text) for bootloader_util_app_start
    bootloader.o(.text) refers to nrf_delay.o(.text) for nrf_delay_ms
    bootloader.o(.text) refers to memcpya.o(.text) for __aeabi_memcpy4
    bootloader.o(.text) refers to bootloader.o(.data) for .data
    bootloader.o(.text) refers to bootloader.o(.bss) for .bss
    bootloader.o(.text) refers to bootloader.o(.constdata) for .constdata
    bootloader.o(.constdata) refers to bootloader.o(.text) for pstorage_callback_handler
    bootloader_settings.o(.text) refers to bootloader_settings.o(.ARM.__AT_0x0003FC00) for .ARM.__AT_0x0003FC00
    bootloader_util.o(.text) refers to bootloader_util.o(.emb_text) for __asm___17_bootloader_util_c_c13d365c__bootloader_util_reset
    dfu_dual_bank.o(.text) refers to app_error.o(.text) for app_error_handler_bare
    dfu_dual_bank.o(.text) refers to bootloader.o(.text) for bootloader_dfu_update_process
    dfu_dual_bank.o(.text) refers to app_timer.o(.text) for app_timer_stop
    dfu_dual_bank.o(.text) refers to pstorage_raw.o(.text) for pstorage_clear
    dfu_dual_bank.o(.text) refers to memcpya.o(.text) for __aeabi_memcpy4
    dfu_dual_bank.o(.text) refers to memseta.o(.text) for __aeabi_memclr4
    dfu_dual_bank.o(.text) refers to dfu_init_template.o(.text) for dfu_init_prevalidate
    dfu_dual_bank.o(.text) refers to dfu_dual_bank.o(.data) for .data
    dfu_dual_bank.o(.text) refers to dfu_dual_bank.o(.bss) for .bss
    dfu_dual_bank.o(.text) refers to dfu_dual_bank.o(.constdata) for .constdata
    dfu_dual_bank.o(.text) refers to dfu_dual_bank.o(.bss) for .bss
    dfu_dual_bank.o(.constdata) refers to dfu_dual_bank.o(.bss) for m_dfu_timer_id_data
    dfu_dual_bank.o(.constdata) refers to dfu_dual_bank.o(.text) for pstorage_callback_handler
    dfu_init_template.o(.text) refers to memcpya.o(.text) for __aeabi_memcpy
    dfu_init_template.o(.text) refers to crc16.o(.text) for crc16_compute
    dfu_init_template.o(.text) refers to dfu_init_template.o(.data) for .data
    dfu_init_template.o(.text) refers to dfu_init_template.o(.bss) for .bss
    dfu_transport_ble.o(.text) refers to hci_mem_pool.o(.text) for hci_mem_pool_rx_consume
    dfu_transport_ble.o(.text) refers to app_error.o(.text) for app_error_handler_bare
    dfu_transport_ble.o(.text) refers to ble_dfu.o(.text) for ble_dfu_response_send
    dfu_transport_ble.o(.text) refers to memcpya.o(.text) for __aeabi_memcpy
    dfu_transport_ble.o(.text) refers to dfu_dual_bank.o(.text) for dfu_data_pkt_handle
    dfu_transport_ble.o(.text) refers to ble_conn_params.o(.text) for ble_conn_params_stop
    dfu_transport_ble.o(.text) refers to ble_dfu.o(i.__ARM_common_switch8) for __ARM_common_switch8
    dfu_transport_ble.o(.text) refers to memseta.o(.text) for __aeabi_memclr4
    dfu_transport_ble.o(.text) refers to ble_advdata.o(.text) for ble_advdata_set
    dfu_transport_ble.o(.text) refers to memcmp.o(.text) for memcmp
    dfu_transport_ble.o(.text) refers to dfu_transport_ble.o(.data) for .data
    dfu_transport_ble.o(.text) refers to dfu_transport_ble.o(.bss) for .bss
    dfu_transport_ble.o(.text) refers to bootloader.o(.text) for bootloader_dfu_update_process
    dfu_transport_ble.o(.text) refers to softdevice_handler.o(.text) for softdevice_ble_evt_handler_set
    dfu_transport_ble.o(.text) refers to dfu_ble_svc.o(.text) for dfu_ble_peer_data_get
    dfu_transport_ble.o(.text) refers to uread4.o(.text) for __aeabi_uread4
    dfu_transport_ble.o(.text) refers to dfu_transport_ble.o(.constdata) for .constdata
    hci_mem_pool.o(.text) refers to hci_mem_pool.o(.data) for .data
    hci_mem_pool.o(.text) refers to hci_mem_pool.o(.bss) for .bss
    hci_mem_pool.o(.text) refers to hci_mem_pool.o(.data) for .data
    hci_mem_pool.o(.text) refers to hci_mem_pool.o(.data) for .data
    softdevice_handler.o(.text) refers to app_error_weak.o(.text) for app_error_fault_handler
    softdevice_handler.o(.text) refers to app_error.o(.text) for app_error_handler_bare
    softdevice_handler.o(.text) refers to memseta.o(.text) for __aeabi_memclr4
    softdevice_handler.o(.text) refers to softdevice_handler.o(.data) for .data
    softdevice_handler.o(.text) refers to softdevice_handler.o(.data) for .data
    softdevice_handler.o(.text) refers to softdevice_handler.o(.data) for .data
    softdevice_handler_appsh.o(.text) refers to app_error.o(.text) for app_error_handler_bare
    softdevice_handler_appsh.o(.text) refers to softdevice_handler.o(.text) for intern_softdevice_events_execute
    softdevice_handler_appsh.o(.text) refers to app_scheduler.o(.text) for app_sched_event_put
    arm_startup_nrf51.o(RESET) refers to arm_startup_nrf51.o(STACK) for __initial_sp
    arm_startup_nrf51.o(RESET) refers to arm_startup_nrf51.o(.text) for Reset_Handler
    arm_startup_nrf51.o(RESET) refers to dfu_ble_svc.o(.emb_text) for SVC_Handler
    arm_startup_nrf51.o(RESET) refers to app_timer.o(.text) for RTC1_IRQHandler
    arm_startup_nrf51.o(RESET) refers to softdevice_handler.o(.text) for SWI2_IRQHandler
    arm_startup_nrf51.o(.text) refers to system_nrf51.o(.text) for SystemInit
    arm_startup_nrf51.o(.text) refers to entry.o(.ARM.Collect$$$$00000000) for __main
    system_nrf51.o(.text) refers to system_nrf51.o(.data) for .data
    entry.o(.ARM.Collect$$$$00000000) refers (Special) to entry10a.o(.ARM.Collect$$$$0000000D) for __rt_final_cpp
    entry.o(.ARM.Collect$$$$00000000) refers (Special) to entry11a.o(.ARM.Collect$$$$0000000F) for __rt_final_exit
    entry.o(.ARM.Collect$$$$00000000) refers (Special) to entry7b.o(.ARM.Collect$$$$00000008) for _main_clock
    entry.o(.ARM.Collect$$$$00000000) refers (Special) to entry8b.o(.ARM.Collect$$$$0000000A) for _main_cpp_init
    entry.o(.ARM.Collect$$$$00000000) refers (Special) to entry9a.o(.ARM.Collect$$$$0000000B) for _main_init
    entry.o(.ARM.Collect$$$$00000000) refers (Special) to entry5.o(.ARM.Collect$$$$00000004) for _main_scatterload
    entry.o(.ARM.Collect$$$$00000000) refers (Special) to entry2.o(.ARM.Collect$$$$00000001) for _main_stk
    entry2.o(.ARM.Collect$$$$00000001) refers to entry2.o(.ARM.Collect$$$$00002712) for __lit__00000000
    entry2.o(.ARM.Collect$$$$00002712) refers to arm_startup_nrf51.o(STACK) for __initial_sp
    entry2.o(__vectab_stack_and_reset_area) refers to arm_startup_nrf51.o(STACK) for __initial_sp
    entry2.o(__vectab_stack_and_reset_area) refers to entry.o(.ARM.Collect$$$$00000000) for __main
    entry5.o(.ARM.Collect$$$$00000004) refers to init.o(.text) for __scatterload
    entry9a.o(.ARM.Collect$$$$0000000B) refers to main.o(.text) for main
    entry9b.o(.ARM.Collect$$$$0000000C) refers to main.o(.text) for main
    init.o(.text) refers to entry5.o(.ARM.Collect$$$$00000004) for __main_after_scatterload


==============================================================================

Removing Unused input sections from the image.

    Removing dfu_ble_svc.o(.rev16_text), (4 bytes).
    Removing dfu_ble_svc.o(.revsh_text), (4 bytes).
    Removing main.o(.rev16_text), (4 bytes).
    Removing main.o(.revsh_text), (4 bytes).
    Removing main.o(.text), (20 bytes).
    Removing ble_advdata.o(.rev16_text), (4 bytes).
    Removing ble_advdata.o(.revsh_text), (4 bytes).
    Removing ble_conn_params.o(.rev16_text), (4 bytes).
    Removing ble_conn_params.o(.revsh_text), (4 bytes).
    Removing ble_conn_params.o(.text), (80 bytes).
    Removing ble_dfu.o(.rev16_text), (4 bytes).
    Removing ble_dfu.o(.revsh_text), (4 bytes).
    Removing ble_srv_common.o(.rev16_text), (4 bytes).
    Removing ble_srv_common.o(.revsh_text), (4 bytes).
    Removing ble_srv_common.o(.text), (12 bytes).
    Removing ble_srv_common.o(.text), (18 bytes).
    Removing ble_srv_common.o(.text), (46 bytes).
    Removing ble_srv_common.o(.text), (400 bytes).
    Removing ble_srv_common.o(.text), (176 bytes).
    Removing nrf_delay.o(.rev16_text), (4 bytes).
    Removing nrf_delay.o(.revsh_text), (4 bytes).
    Removing nrf_drv_common.o(.rev16_text), (4 bytes).
    Removing nrf_drv_common.o(.revsh_text), (4 bytes).
    Removing nrf_drv_common.o(.text), (96 bytes).
    Removing pstorage_raw.o(.rev16_text), (4 bytes).
    Removing pstorage_raw.o(.revsh_text), (4 bytes).
    Removing pstorage_raw.o(.text), (4 bytes).
    Removing app_error.o(.rev16_text), (4 bytes).
    Removing app_error.o(.revsh_text), (4 bytes).
    Removing app_error.o(.text), (28 bytes).
    Removing app_error.o(.text), (100 bytes).
    Removing app_error.o(.bss), (32 bytes).
    Removing app_error_weak.o(.rev16_text), (4 bytes).
    Removing app_error_weak.o(.revsh_text), (4 bytes).
    Removing app_scheduler.o(.rev16_text), (4 bytes).
    Removing app_scheduler.o(.revsh_text), (4 bytes).
    Removing app_timer.o(.rev16_text), (4 bytes).
    Removing app_timer.o(.revsh_text), (4 bytes).
    Removing app_timer.o(.text), (68 bytes).
    Removing app_timer.o(.text), (16 bytes).
    Removing app_timer.o(.text), (12 bytes).
    Removing app_timer_appsh.o(.rev16_text), (4 bytes).
    Removing app_timer_appsh.o(.revsh_text), (4 bytes).
    Removing app_util_platform.o(.rev16_text), (4 bytes).
    Removing app_util_platform.o(.revsh_text), (4 bytes).
    Removing app_util_platform.o(.text), (16 bytes).
    Removing app_util_platform.o(.text), (20 bytes).
    Removing app_util_platform.o(.data), (4 bytes).
    Removing bootloader.o(.rev16_text), (4 bytes).
    Removing bootloader.o(.revsh_text), (4 bytes).
    Removing bootloader.o(.emb_text), (30 bytes).
    Removing bootloader_settings.o(.rev16_text), (4 bytes).
    Removing bootloader_settings.o(.revsh_text), (4 bytes).
    Removing dfu_dual_bank.o(.rev16_text), (4 bytes).
    Removing dfu_dual_bank.o(.revsh_text), (4 bytes).
    Removing dfu_dual_bank.o(.text), (40 bytes).
    Removing dfu_init_template.o(.rev16_text), (4 bytes).
    Removing dfu_init_template.o(.revsh_text), (4 bytes).
    Removing dfu_transport_ble.o(.rev16_text), (4 bytes).
    Removing dfu_transport_ble.o(.revsh_text), (4 bytes).
    Removing dfu_transport_ble.o(.emb_text), (30 bytes).
    Removing hci_mem_pool.o(.text), (4 bytes).
    Removing hci_mem_pool.o(.text), (40 bytes).
    Removing hci_mem_pool.o(.text), (12 bytes).
    Removing nrf_assert.o(.rev16_text), (4 bytes).
    Removing nrf_assert.o(.revsh_text), (4 bytes).
    Removing softdevice_handler.o(.rev16_text), (4 bytes).
    Removing softdevice_handler.o(.revsh_text), (4 bytes).
    Removing softdevice_handler.o(.text), (12 bytes).
    Removing softdevice_handler.o(.text), (24 bytes).
    Removing softdevice_handler.o(.text), (16 bytes).
    Removing softdevice_handler_appsh.o(.rev16_text), (4 bytes).
    Removing softdevice_handler_appsh.o(.revsh_text), (4 bytes).
    Removing arm_startup_nrf51.o(HEAP), (0 bytes).
    Removing system_nrf51.o(.rev16_text), (4 bytes).
    Removing system_nrf51.o(.revsh_text), (4 bytes).
    Removing system_nrf51.o(.text), (16 bytes).

77 unused section(s) (total 1564 bytes) removed from the image.

==============================================================================

Image Symbol Table

    Local Symbols

    Symbol Name                              Value     Ov Type        Size  Object(Section)

    ../clib/microlib/division.c              0x00000000   Number         0  uidiv.o ABSOLUTE
    ../clib/microlib/init/entry.s            0x00000000   Number         0  entry.o ABSOLUTE
    ../clib/microlib/init/entry.s            0x00000000   Number         0  entry8b.o ABSOLUTE
    ../clib/microlib/init/entry.s            0x00000000   Number         0  entry10a.o ABSOLUTE
    ../clib/microlib/init/entry.s            0x00000000   Number         0  entry9b.o ABSOLUTE
    ../clib/microlib/init/entry.s            0x00000000   Number         0  entry8a.o ABSOLUTE
    ../clib/microlib/init/entry.s            0x00000000   Number         0  entry10b.o ABSOLUTE
    ../clib/microlib/init/entry.s            0x00000000   Number         0  entry11a.o ABSOLUTE
    ../clib/microlib/init/entry.s            0x00000000   Number         0  entry7b.o ABSOLUTE
    ../clib/microlib/init/entry.s            0x00000000   Number         0  entry11b.o ABSOLUTE
    ../clib/microlib/init/entry.s            0x00000000   Number         0  entry7a.o ABSOLUTE
    ../clib/microlib/init/entry.s            0x00000000   Number         0  entry5.o ABSOLUTE
    ../clib/microlib/init/entry.s            0x00000000   Number         0  entry2.o ABSOLUTE
    ../clib/microlib/init/entry.s            0x00000000   Number         0  entry9a.o ABSOLUTE
    ../clib/microlib/string/memcmp.c         0x00000000   Number         0  memcmp.o ABSOLUTE
    ../clib/microlib/string/memcpy.c         0x00000000   Number         0  memcpya.o ABSOLUTE
    ../clib/microlib/string/memcpy.c         0x00000000   Number         0  memcpyb.o ABSOLUTE
    ../clib/microlib/string/memset.c         0x00000000   Number         0  memseta.o ABSOLUTE
    ../clib/microlib/string/strlen.c         0x00000000   Number         0  strlen.o ABSOLUTE
    ../clib/microlib/unhosted.c              0x00000000   Number         0  uread4.o ABSOLUTE
    ..\..\..\..\..\..\components\ble\ble_services\ble_dfu\ble_dfu.c 0x00000000   Number         0  ble_dfu.o ABSOLUTE
    ..\..\..\..\..\..\components\ble\common\ble_advdata.c 0x00000000   Number         0  ble_advdata.o ABSOLUTE
    ..\..\..\..\..\..\components\ble\common\ble_conn_params.c 0x00000000   Number         0  ble_conn_params.o ABSOLUTE
    ..\..\..\..\..\..\components\ble\common\ble_srv_common.c 0x00000000   Number         0  ble_srv_common.o ABSOLUTE
    ..\..\..\..\..\..\components\drivers_nrf\common\nrf_drv_common.c 0x00000000   Number         0  nrf_drv_common.o ABSOLUTE
    ..\..\..\..\..\..\components\drivers_nrf\delay\nrf_delay.c 0x00000000   Number         0  nrf_delay.o ABSOLUTE
    ..\..\..\..\..\..\components\drivers_nrf\pstorage\pstorage_raw.c 0x00000000   Number         0  pstorage_raw.o ABSOLUTE
    ..\..\..\..\..\..\components\libraries\bootloader_dfu\bootloader.c 0x00000000   Number         0  bootloader.o ABSOLUTE
    ..\..\..\..\..\..\components\libraries\bootloader_dfu\bootloader_settings.c 0x00000000   Number         0  bootloader_settings.o ABSOLUTE
    ..\..\..\..\..\..\components\libraries\bootloader_dfu\bootloader_util.c 0x00000000   Number         0  bootloader_util.o ABSOLUTE
    ..\..\..\..\..\..\components\libraries\bootloader_dfu\dfu_dual_bank.c 0x00000000   Number         0  dfu_dual_bank.o ABSOLUTE
    ..\..\..\..\..\..\components\libraries\bootloader_dfu\dfu_init_template.c 0x00000000   Number         0  dfu_init_template.o ABSOLUTE
    ..\..\..\..\..\..\components\libraries\bootloader_dfu\dfu_transport_ble.c 0x00000000   Number         0  dfu_transport_ble.o ABSOLUTE
    ..\..\..\..\..\..\components\libraries\crc16\crc16.c 0x00000000   Number         0  crc16.o ABSOLUTE
    ..\..\..\..\..\..\components\libraries\hci\hci_mem_pool.c 0x00000000   Number         0  hci_mem_pool.o ABSOLUTE
    ..\..\..\..\..\..\components\libraries\scheduler\app_scheduler.c 0x00000000   Number         0  app_scheduler.o ABSOLUTE
    ..\..\..\..\..\..\components\libraries\timer\app_timer.c 0x00000000   Number         0  app_timer.o ABSOLUTE
    ..\..\..\..\..\..\components\libraries\timer\app_timer_appsh.c 0x00000000   Number         0  app_timer_appsh.o ABSOLUTE
    ..\..\..\..\..\..\components\libraries\util\app_error.c 0x00000000   Number         0  app_error.o ABSOLUTE
    ..\..\..\..\..\..\components\libraries\util\app_error_weak.c 0x00000000   Number         0  app_error_weak.o ABSOLUTE
    ..\..\..\..\..\..\components\libraries\util\app_util_platform.c 0x00000000   Number         0  app_util_platform.o ABSOLUTE
    ..\..\..\..\..\..\components\libraries\util\nrf_assert.c 0x00000000   Number         0  nrf_assert.o ABSOLUTE
    ..\..\..\..\..\..\components\softdevice\common\softdevice_handler\softdevice_handler.c 0x00000000   Number         0  softdevice_handler.o ABSOLUTE
    ..\..\..\..\..\..\components\softdevice\common\softdevice_handler\softdevice_handler_appsh.c 0x00000000   Number         0  softdevice_handler_appsh.o ABSOLUTE
    ..\..\..\dfu_ble_svc.c                   0x00000000   Number         0  dfu_ble_svc.o ABSOLUTE
    ..\..\..\main.c                          0x00000000   Number         0  main.o ABSOLUTE
    ..\\..\\..\\..\\..\\..\\components\\ble\\ble_services\\ble_dfu\\ble_dfu.c 0x00000000   Number         0  ble_dfu.o ABSOLUTE
    ..\\..\\..\\..\\..\\..\\components\\ble\\common\\ble_advdata.c 0x00000000   Number         0  ble_advdata.o ABSOLUTE
    ..\\..\\..\\..\\..\\..\\components\\ble\\common\\ble_conn_params.c 0x00000000   Number         0  ble_conn_params.o ABSOLUTE
    ..\\..\\..\\..\\..\\..\\components\\ble\\common\\ble_srv_common.c 0x00000000   Number         0  ble_srv_common.o ABSOLUTE
    ..\\..\\..\\..\\..\\..\\components\\drivers_nrf\\common\\nrf_drv_common.c 0x00000000   Number         0  nrf_drv_common.o ABSOLUTE
    ..\\..\\..\\..\\..\\..\\components\\drivers_nrf\\delay\\nrf_delay.c 0x00000000   Number         0  nrf_delay.o ABSOLUTE
    ..\\..\\..\\..\\..\\..\\components\\drivers_nrf\\pstorage\\pstorage_raw.c 0x00000000   Number         0  pstorage_raw.o ABSOLUTE
    ..\\..\\..\\..\\..\\..\\components\\libraries\\bootloader_dfu\\bootloader.c 0x00000000   Number         0  bootloader.o ABSOLUTE
    ..\\..\\..\\..\\..\\..\\components\\libraries\\bootloader_dfu\\bootloader_settings.c 0x00000000   Number         0  bootloader_settings.o ABSOLUTE
    ..\\..\\..\\..\\..\\..\\components\\libraries\\bootloader_dfu\\bootloader_util.c 0x00000000   Number         0  bootloader_util.o ABSOLUTE
    ..\\..\\..\\..\\..\\..\\components\\libraries\\bootloader_dfu\\dfu_dual_bank.c 0x00000000   Number         0  dfu_dual_bank.o ABSOLUTE
    ..\\..\\..\\..\\..\\..\\components\\libraries\\bootloader_dfu\\dfu_init_template.c 0x00000000   Number         0  dfu_init_template.o ABSOLUTE
    ..\\..\\..\\..\\..\\..\\components\\libraries\\bootloader_dfu\\dfu_transport_ble.c 0x00000000   Number         0  dfu_transport_ble.o ABSOLUTE
    ..\\..\\..\\..\\..\\..\\components\\libraries\\scheduler\\app_scheduler.c 0x00000000   Number         0  app_scheduler.o ABSOLUTE
    ..\\..\\..\\..\\..\\..\\components\\libraries\\timer\\app_timer.c 0x00000000   Number         0  app_timer.o ABSOLUTE
    ..\\..\\..\\..\\..\\..\\components\\libraries\\timer\\app_timer_appsh.c 0x00000000   Number         0  app_timer_appsh.o ABSOLUTE
    ..\\..\\..\\..\\..\\..\\components\\libraries\\util\\app_error.c 0x00000000   Number         0  app_error.o ABSOLUTE
    ..\\..\\..\\..\\..\\..\\components\\libraries\\util\\app_error_weak.c 0x00000000   Number         0  app_error_weak.o ABSOLUTE
    ..\\..\\..\\..\\..\\..\\components\\libraries\\util\\app_util_platform.c 0x00000000   Number         0  app_util_platform.o ABSOLUTE
    ..\\..\\..\\..\\..\\..\\components\\libraries\\util\\nrf_assert.c 0x00000000   Number         0  nrf_assert.o ABSOLUTE
    ..\\..\\..\\..\\..\\..\\components\\softdevice\\common\\softdevice_handler\\softdevice_handler.c 0x00000000   Number         0  softdevice_handler.o ABSOLUTE
    ..\\..\\..\\..\\..\\..\\components\\softdevice\\common\\softdevice_handler\\softdevice_handler_appsh.c 0x00000000   Number         0  softdevice_handler_appsh.o ABSOLUTE
    ..\\..\\..\\dfu_ble_svc.c                0x00000000   Number         0  dfu_ble_svc.o ABSOLUTE
    ..\\..\\..\\main.c                       0x00000000   Number         0  main.o ABSOLUTE
    RTE\Device\nRF51422_xxAC\arm_startup_nrf51.s 0x00000000   Number         0  arm_startup_nrf51.o ABSOLUTE
    RTE\Device\nRF51422_xxAC\system_nrf51.c  0x00000000   Number         0  system_nrf51.o ABSOLUTE
    RTE\\Device\\nRF51422_xxAC\\system_nrf51.c 0x00000000   Number         0  system_nrf51.o ABSOLUTE
    dc.s                                     0x00000000   Number         0  dc.o ABSOLUTE
    handlers.s                               0x00000000   Number         0  handlers.o ABSOLUTE
    init.s                                   0x00000000   Number         0  init.o ABSOLUTE
    RESET                                    0x0003c000   Section      192  arm_startup_nrf51.o(RESET)
    .ARM.Collect$$$$00000000                 0x0003c0c0   Section        0  entry.o(.ARM.Collect$$$$00000000)
    .ARM.Collect$$$$00000001                 0x0003c0c0   Section        4  entry2.o(.ARM.Collect$$$$00000001)
    .ARM.Collect$$$$00000004                 0x0003c0c4   Section        4  entry5.o(.ARM.Collect$$$$00000004)
    .ARM.Collect$$$$00000008                 0x0003c0c8   Section        0  entry7b.o(.ARM.Collect$$$$00000008)
    .ARM.Collect$$$$0000000A                 0x0003c0c8   Section        0  entry8b.o(.ARM.Collect$$$$0000000A)
    .ARM.Collect$$$$0000000B                 0x0003c0c8   Section        8  entry9a.o(.ARM.Collect$$$$0000000B)
    .ARM.Collect$$$$0000000D                 0x0003c0d0   Section        0  entry10a.o(.ARM.Collect$$$$0000000D)
    .ARM.Collect$$$$0000000F                 0x0003c0d0   Section        0  entry11a.o(.ARM.Collect$$$$0000000F)
    .ARM.Collect$$$$00002712                 0x0003c0d0   Section        4  entry2.o(.ARM.Collect$$$$00002712)
    __lit__00000000                          0x0003c0d0   Data           4  entry2.o(.ARM.Collect$$$$00002712)
    .emb_text                                0x0003c0d4   Section       36  dfu_ble_svc.o(.emb_text)
    .emb_text                                0x0003c0f8   Section       30  nrf_delay.o(.emb_text)
    .emb_text                                0x0003c118   Section       30  app_timer.o(.emb_text)
    .emb_text                                0x0003c138   Section       52  bootloader_util.o(.emb_text)
    .text                                    0x0003c16c   Section        0  dfu_ble_svc.o(.text)
    .text                                    0x0003c200   Section        0  main.o(.text)
    sys_evt_dispatch                         0x0003c201   Thumb Code     8  main.o(.text)
    ble_stack_init                           0x0003c209   Thumb Code   126  main.o(.text)
    nrf_gpio_cfg                             0x0003c3a9   Thumb Code    32  main.o(.text)
    scheduler_init                           0x0003c3c9   Thumb Code    24  main.o(.text)
    .text                                    0x0003c414   Section        0  ble_advdata.o(.text)
    uuid_list_sized_encode                   0x0003c415   Thumb Code   174  ble_advdata.o(.text)
    uuid_list_encode                         0x0003c4c3   Thumb Code    46  ble_advdata.o(.text)
    uint16_encode                            0x0003c76d   Thumb Code    10  ble_advdata.o(.text)
    le_role_encode                           0x0003c777   Thumb Code    84  ble_advdata.o(.text)
    ble_device_addr_encode                   0x0003c7cb   Thumb Code    94  ble_advdata.o(.text)
    name_encode                              0x0003c829   Thumb Code   158  ble_advdata.o(.text)
    conn_int_encode                          0x0003c8c7   Thumb Code   130  ble_advdata.o(.text)
    manuf_specific_data_encode               0x0003c949   Thumb Code   104  ble_advdata.o(.text)
    service_data_encode                      0x0003c9b1   Thumb Code   142  ble_advdata.o(.text)
    .text                                    0x0003ca44   Section        0  ble_conn_params.o(.text)
    update_timeout_handler                   0x0003ca45   Thumb Code    86  ble_conn_params.o(.text)
    conn_params_negotiation                  0x0003caeb   Thumb Code    92  ble_conn_params.o(.text)
    is_conn_params_ok                        0x0003cbcb   Thumb Code    26  ble_conn_params.o(.text)
    .text                                    0x0003cbf8   Section        0  ble_dfu.o(.text)
    on_ctrl_pt_write                         0x0003cc4f   Thumb Code   240  ble_dfu.o(.text)
    uint32_encode                            0x0003cf15   Thumb Code    18  ble_dfu.o(.text)
    dfu_pkt_char_add                         0x0003cf27   Thumb Code   130  ble_dfu.o(.text)
    dfu_rev_char_add                         0x0003cfa9   Thumb Code   158  ble_dfu.o(.text)
    dfu_ctrl_pt_add                          0x0003d047   Thumb Code   130  ble_dfu.o(.text)
    .text                                    0x0003d0cc   Section        0  nrf_delay.o(.text)
    .text                                    0x0003d0e8   Section        0  pstorage_raw.o(.text)
    cmd_queue_element_init                   0x0003d0e9   Thumb Code    26  pstorage_raw.o(.text)
    cmd_process                              0x0003d103   Thumb Code    98  pstorage_raw.o(.text)
    cmd_queue_enqueue                        0x0003d165   Thumb Code    76  pstorage_raw.o(.text)
    is_word_aligned                          0x0003d2d9   Thumb Code    12  pstorage_raw.o(.text)
    app_notify                               0x0003d2e5   Thumb Code    32  pstorage_raw.o(.text)
    .text                                    0x0003d30c   Section        0  app_error.o(.text)
    .text                                    0x0003d324   Section        0  app_error_weak.o(.text)
    .text                                    0x0003d340   Section        0  app_scheduler.o(.text)
    app_sched_event_get                      0x0003d419   Thumb Code    62  app_scheduler.o(.text)
    .text                                    0x0003d460   Section        0  app_timer.o(.text)
    NVIC_SetPriority                         0x0003d461   Thumb Code    60  app_timer.o(.text)
    rtc1_stop                                0x0003d49d   Thumb Code    50  app_timer.o(.text)
    list_deletions_handler                   0x0003d4cf   Thumb Code   180  app_timer.o(.text)
    list_insertions_handler                  0x0003d583   Thumb Code   202  app_timer.o(.text)
    user_id_get                              0x0003d719   Thumb Code    76  app_timer.o(.text)
    timer_list_insert                        0x0003d825   Thumb Code   100  app_timer.o(.text)
    timer_list_handler_sched                 0x0003d889   Thumb Code    10  app_timer.o(.text)
    timer_timeouts_check                     0x0003d893   Thumb Code   118  app_timer.o(.text)
    timer_list_handler                       0x0003d909   Thumb Code   128  app_timer.o(.text)
    user_op_alloc                            0x0003d989   Thumb Code    38  app_timer.o(.text)
    elapsed_ticks_acquire                    0x0003d9af   Thumb Code    58  app_timer.o(.text)
    compare_reg_update                       0x0003d9e9   Thumb Code   142  app_timer.o(.text)
    .text                                    0x0003da90   Section        0  app_timer_appsh.o(.text)
    app_timer_evt_get                        0x0003da91   Thumb Code    22  app_timer_appsh.o(.text)
    .text                                    0x0003dabc   Section        0  app_util_platform.o(.text)
    .text                                    0x0003db20   Section        0  bootloader.o(.text)
    pstorage_callback_handler                0x0003db21   Thumb Code    28  bootloader.o(.text)
    wait_for_events                          0x0003db3d   Thumb Code    34  bootloader.o(.text)
    bootloader_settings_save                 0x0003db9d   Thumb Code    46  bootloader.o(.text)
    .text                                    0x0003ddec   Section        0  bootloader_settings.o(.text)
    .text                                    0x0003ddf8   Section        0  bootloader_util.o(.text)
    .text                                    0x0003de00   Section        0  crc16.o(.text)
    .text                                    0x0003de3c   Section        0  dfu_dual_bank.o(.text)
    pstorage_callback_handler                0x0003de3d   Thumb Code    74  dfu_dual_bank.o(.text)
    dfu_timeout_handler                      0x0003de87   Thumb Code    32  dfu_dual_bank.o(.text)
    dfu_timer_restart                        0x0003dea7   Thumb Code    54  dfu_dual_bank.o(.text)
    dfu_prepare_func_app_erase               0x0003dedd   Thumb Code    32  dfu_dual_bank.o(.text)
    dfu_prepare_func_swap_erase              0x0003defd   Thumb Code    52  dfu_dual_bank.o(.text)
    dfu_cleared_func_swap                    0x0003df31   Thumb Code     2  dfu_dual_bank.o(.text)
    dfu_cleared_func_app                     0x0003df33   Thumb Code    30  dfu_dual_bank.o(.text)
    dfu_activate_sd                          0x0003df51   Thumb Code    62  dfu_dual_bank.o(.text)
    dfu_activate_app                         0x0003df8f   Thumb Code    90  dfu_dual_bank.o(.text)
    dfu_activate_bl                          0x0003dfe9   Thumb Code    54  dfu_dual_bank.o(.text)
    dfu_sd_img_block_swap                    0x0003e2dd   Thumb Code    68  dfu_dual_bank.o(.text)
    dfu_compare_block                        0x0003e47b   Thumb Code    22  dfu_dual_bank.o(.text)
    dfu_copy_sd                              0x0003e491   Thumb Code    20  dfu_dual_bank.o(.text)
    .text                                    0x0003e4b0   Section        0  dfu_init_template.o(.text)
    .text                                    0x0003e554   Section        0  dfu_transport_ble.o(.text)
    nrf_err_code_translate                   0x0003e555   Thumb Code    54  dfu_transport_ble.o(.text)
    dfu_cb_handler                           0x0003e58b   Thumb Code    88  dfu_transport_ble.o(.text)
    app_data_process                         0x0003e5e3   Thumb Code   202  dfu_transport_ble.o(.text)
    conn_params_error_handler                0x0003e6ad   Thumb Code     8  dfu_transport_ble.o(.text)
    on_dfu_evt                               0x0003e6fd   Thumb Code   206  dfu_transport_ble.o(.text)
    advertising_init                         0x0003e7cb   Thumb Code    64  dfu_transport_ble.o(.text)
    advertising_start                        0x0003e80b   Thumb Code   168  dfu_transport_ble.o(.text)
    on_ble_evt                               0x0003e8b3   Thumb Code   380  dfu_transport_ble.o(.text)
    ble_evt_dispatch                         0x0003ea2f   Thumb Code    26  dfu_transport_ble.o(.text)
    service_error_handler                    0x0003ea49   Thumb Code     8  dfu_transport_ble.o(.text)
    nrf_gpio_cfg_output                      0x0003eb55   Thumb Code    12  dfu_transport_ble.o(.text)
    nrf_gpio_pin_set                         0x0003eb61   Thumb Code    10  dfu_transport_ble.o(.text)
    service_change_indicate                  0x0003eb6b   Thumb Code    90  dfu_transport_ble.o(.text)
    dfu_error_notify                         0x0003ebc5   Thumb Code    34  dfu_transport_ble.o(.text)
    start_data_process                       0x0003ebe7   Thumb Code   118  dfu_transport_ble.o(.text)
    init_data_process                        0x0003ec5d   Thumb Code    90  dfu_transport_ble.o(.text)
    sec_params_init                          0x0003ecb7   Thumb Code    30  dfu_transport_ble.o(.text)
    uint32_decode                            0x0003ecd5   Thumb Code    20  dfu_transport_ble.o(.text)
    .text                                    0x0003ed24   Section        0  hci_mem_pool.o(.text)
    .text                                    0x0003ee60   Section        0  softdevice_handler.o(.text)
    sd_nvic_EnableIRQ                        0x0003ef79   Thumb Code   118  softdevice_handler.o(.text)
    .text                                    0x0003f010   Section        0  softdevice_handler_appsh.o(.text)
    .text                                    0x0003f034   Section       56  arm_startup_nrf51.o(.text)
    .text                                    0x0003f06c   Section        0  system_nrf51.o(.text)
    is_manual_peripheral_setup_needed        0x0003f0ef   Thumb Code    66  system_nrf51.o(.text)
    .text                                    0x0003f14c   Section        0  uidiv.o(.text)
    .text                                    0x0003f178   Section        0  memcpya.o(.text)
    .text                                    0x0003f19c   Section        0  memseta.o(.text)
    .text                                    0x0003f1c0   Section        0  memcmp.o(.text)
    .text                                    0x0003f1da   Section        0  uread4.o(.text)
    .text                                    0x0003f1f0   Section       36  init.o(.text)
    i.__ARM_common_switch8                   0x0003f214   Section        0  ble_dfu.o(i.__ARM_common_switch8)
    i.__scatterload_copy                     0x0003f22e   Section       14  handlers.o(i.__scatterload_copy)
    i.__scatterload_null                     0x0003f23c   Section        2  handlers.o(i.__scatterload_null)
    i.__scatterload_zeroinit                 0x0003f23e   Section       14  handlers.o(i.__scatterload_zeroinit)
    .constdata                               0x0003f24c   Section       20  main.o(.constdata)
    .constdata                               0x0003f260   Section        4  ble_conn_params.o(.constdata)
    m_conn_params_timer_id                   0x0003f260   Data           4  ble_conn_params.o(.constdata)
    .constdata                               0x0003f264   Section       16  ble_dfu.o(.constdata)
    .constdata                               0x0003f274   Section       32  bootloader.o(.constdata)
    .constdata                               0x0003f294   Section       36  dfu_dual_bank.o(.constdata)
    m_dfu_timer_id                           0x0003f294   Data           4  dfu_dual_bank.o(.constdata)
    .constdata                               0x0003f2b8   Section       32  dfu_transport_ble.o(.constdata)
    .ARM.__AT_0x0003FC00                     0x0003fc00   Section     1024  bootloader_settings.o(.ARM.__AT_0x0003FC00)
    __tagsym$$used                           0x0003fc00   Number         0  bootloader_settings.o(.ARM.__AT_0x0003FC00)
    .ARM.__AT_0x10001014                     0x10001014   Section        4  bootloader_settings.o(.ARM.__AT_0x10001014)
    .data                                    0x20002c00   Section       20  ble_conn_params.o(.data)
    m_change_param                           0x20002c00   Data           1  ble_conn_params.o(.data)
    m_update_count                           0x20002c01   Data           1  ble_conn_params.o(.data)
    m_conn_handle                            0x20002c02   Data           2  ble_conn_params.o(.data)
    m_preferred_conn_params                  0x20002c04   Data           8  ble_conn_params.o(.data)
    m_current_conn_params                    0x20002c0c   Data           8  ble_conn_params.o(.data)
    .data                                    0x20002c14   Section        8  ble_dfu.o(.data)
    m_is_dfu_service_initialized             0x20002c14   Data           1  ble_dfu.o(.data)
    m_notif_buffer                           0x20002c15   Data           7  ble_dfu.o(.data)
    .data                                    0x20002c1c   Section        8  pstorage_raw.o(.data)
    m_next_app_instance                      0x20002c1c   Data           4  pstorage_raw.o(.data)
    m_round_val                              0x20002c20   Data           4  pstorage_raw.o(.data)
    .data                                    0x20002c24   Section       16  app_scheduler.o(.data)
    m_queue_start_index                      0x20002c24   Data           1  app_scheduler.o(.data)
    m_queue_end_index                        0x20002c25   Data           1  app_scheduler.o(.data)
    m_queue_event_size                       0x20002c26   Data           2  app_scheduler.o(.data)
    m_queue_size                             0x20002c28   Data           2  app_scheduler.o(.data)
    m_queue_event_headers                    0x20002c2c   Data           4  app_scheduler.o(.data)
    m_queue_event_data                       0x20002c30   Data           4  app_scheduler.o(.data)
    .data                                    0x20002c34   Section       32  app_timer.o(.data)
    m_user_array_size                        0x20002c34   Data           1  app_timer.o(.data)
    m_ticks_elapsed_q_read_ind               0x20002c35   Data           1  app_timer.o(.data)
    m_ticks_elapsed_q_write_ind              0x20002c36   Data           1  app_timer.o(.data)
    m_rtc1_running                           0x20002c37   Data           1  app_timer.o(.data)
    m_rtc1_reset                             0x20002c38   Data           1  app_timer.o(.data)
    mp_users                                 0x20002c3c   Data           4  app_timer.o(.data)
    mp_timer_id_head                         0x20002c40   Data           4  app_timer.o(.data)
    m_ticks_latest                           0x20002c44   Data           4  app_timer.o(.data)
    m_evt_schedule_func                      0x20002c48   Data           4  app_timer.o(.data)
    m_ticks_elapsed                          0x20002c4c   Data           8  app_timer.o(.data)
    .data                                    0x20002c54   Section       12  bootloader.o(.data)
    m_update_status                          0x20002c54   Data           1  bootloader.o(.data)
    m_bootsettings_handle                    0x20002c58   Data           8  bootloader.o(.data)
    .data                                    0x20002c60   Section       40  dfu_dual_bank.o(.data)
    m_dfu_timed_out                          0x20002c60   Data           1  dfu_dual_bank.o(.data)
    m_dfu_state                              0x20002c61   Data           1  dfu_dual_bank.o(.data)
    m_init_packet_length                     0x20002c62   Data           1  dfu_dual_bank.o(.data)
    m_image_crc                              0x20002c64   Data           2  dfu_dual_bank.o(.data)
    m_data_received                          0x20002c68   Data           4  dfu_dual_bank.o(.data)
    m_image_size                             0x20002c6c   Data           4  dfu_dual_bank.o(.data)
    mp_storage_handle_active                 0x20002c70   Data           4  dfu_dual_bank.o(.data)
    m_data_pkt_cb                            0x20002c74   Data           4  dfu_dual_bank.o(.data)
    m_storage_handle_swap                    0x20002c78   Data           8  dfu_dual_bank.o(.data)
    m_storage_handle_app                     0x20002c80   Data           8  dfu_dual_bank.o(.data)
    .data                                    0x20002c88   Section        1  dfu_init_template.o(.data)
    m_extended_packet_length                 0x20002c88   Data           1  dfu_init_template.o(.data)
    .data                                    0x20002c8c   Section       33  dfu_transport_ble.o(.data)
    m_tear_down_in_progress                  0x20002c8c   Data           1  dfu_transport_ble.o(.data)
    m_pkt_rcpt_notif_enabled                 0x20002c8d   Data           1  dfu_transport_ble.o(.data)
    m_is_advertising                         0x20002c8e   Data           1  dfu_transport_ble.o(.data)
    m_ble_peer_data_valid                    0x20002c8f   Data           1  dfu_transport_ble.o(.data)
    m_pkt_type                               0x20002c90   Data           1  dfu_transport_ble.o(.data)
    m_update_mode                            0x20002c91   Data           1  dfu_transport_ble.o(.data)
    m_conn_handle                            0x20002c92   Data           2  dfu_transport_ble.o(.data)
    m_pkt_notif_target                       0x20002c94   Data           2  dfu_transport_ble.o(.data)
    m_pkt_notif_target_cnt                   0x20002c96   Data           2  dfu_transport_ble.o(.data)
    m_direct_adv_cnt                         0x20002c98   Data           4  dfu_transport_ble.o(.data)
    m_num_of_firmware_bytes_rcvd             0x20002c9c   Data           4  dfu_transport_ble.o(.data)
    mp_rx_buffer                             0x20002ca0   Data           4  dfu_transport_ble.o(.data)
    mp_final_packet                          0x20002ca4   Data           4  dfu_transport_ble.o(.data)
    m_sec_params                             0x20002ca8   Data           5  dfu_transport_ble.o(.data)
    .data                                    0x20002cad   Section        5  hci_mem_pool.o(.data)
    m_is_tx_allocated                        0x20002cad   Data           1  hci_mem_pool.o(.data)
    tx_buffer                                0x20002cae   Data           4  hci_mem_pool.o(.data)
    .data                                    0x20002cb4   Section       28  softdevice_handler.o(.data)
    m_softdevice_enabled                     0x20002cb4   Data           1  softdevice_handler.o(.data)
    m_ble_evt_buffer_size                    0x20002cb6   Data           2  softdevice_handler.o(.data)
    m_evt_schedule_func                      0x20002cb8   Data           4  softdevice_handler.o(.data)
    mp_ble_evt_buffer                        0x20002cbc   Data           4  softdevice_handler.o(.data)
    m_ble_evt_handler                        0x20002cc0   Data           4  softdevice_handler.o(.data)
    m_sys_evt_handler                        0x20002cc4   Data           4  softdevice_handler.o(.data)
    .data                                    0x20002cd0   Section        4  system_nrf51.o(.data)
    __tagsym$$used                           0x20002cd0   Number         0  system_nrf51.o(.data)
    .bss                                     0x20002cd4   Section      864  main.o(.bss)
    APP_TIMER_BUF                            0x20002cd4   Data         456  main.o(.bss)
    BLE_EVT_BUFFER                           0x20002e9c   Data          72  main.o(.bss)
    APP_SCHED_BUF                            0x20002ee4   Data         336  main.o(.bss)
    .bss                                     0x20003034   Section       32  ble_conn_params.o(.bss)
    m_conn_params_timer_id_data              0x20003034   Data          32  ble_conn_params.o(.bss)
    .bss                                     0x20003054   Section       28  ble_conn_params.o(.bss)
    m_conn_params_config                     0x20003054   Data          28  ble_conn_params.o(.bss)
    .bss                                     0x20003070   Section      256  pstorage_raw.o(.bss)
    m_cmd_queue                              0x20003070   Data         244  pstorage_raw.o(.bss)
    m_app_table                              0x20003164   Data          12  pstorage_raw.o(.bss)
    .bss                                     0x20003170   Section       28  bootloader.o(.bss)
    settings                                 0x20003170   Data          28  bootloader.o(.bss)
    .bss                                     0x2000318c   Section       32  dfu_dual_bank.o(.bss)
    m_dfu_timer_id_data                      0x2000318c   Data          32  dfu_dual_bank.o(.bss)
    .bss                                     0x200031ac   Section      156  dfu_dual_bank.o(.bss)
    m_start_packet                           0x200031ac   Data          16  dfu_dual_bank.o(.bss)
    m_init_packet                            0x200031bc   Data         128  dfu_dual_bank.o(.bss)
    m_functions                              0x2000323c   Data          12  dfu_dual_bank.o(.bss)
    .bss                                     0x20003248   Section       10  dfu_init_template.o(.bss)
    m_extended_packet                        0x20003248   Data          10  dfu_init_template.o(.bss)
    .bss                                     0x20003254   Section      132  dfu_transport_ble.o(.bss)
    m_adv_params                             0x20003254   Data          24  dfu_transport_ble.o(.bss)
    m_dfu                                    0x2000326c   Data          48  dfu_transport_ble.o(.bss)
    m_ble_peer_data                          0x2000329c   Data          60  dfu_transport_ble.o(.bss)
    .bss                                     0x200032d8   Section      316  hci_mem_pool.o(.bss)
    m_rx_buffer_elem_queue                   0x200032d8   Data         288  hci_mem_pool.o(.bss)
    m_rx_buffer_queue                        0x200033f8   Data          28  hci_mem_pool.o(.bss)
    STACK                                    0x20003418   Section     2048  arm_startup_nrf51.o(STACK)
    NoInit                                   0x20007f80   Section       62  dfu_ble_svc.o(NoInit)
    m_peer_data_crc                          0x20007f80   Data           2  dfu_ble_svc.o(NoInit)
    m_peer_data                              0x20007f82   Data          60  dfu_ble_svc.o(NoInit)

    Global Symbols

    Symbol Name                              Value     Ov Type        Size  Object(Section)

    BuildAttributes$$THM_ISAv3M$S$PE$A:L22$X:L11$S22$IEEE1$IW$USESV6$~STKCKD$USESV7$~SHL$OSPACE$EBA8$MICROLIB$REQ8$PRES8$EABIv2 0x00000000   Number         0  anon$$obj.o ABSOLUTE
    __ARM_use_no_argv                        0x00000000   Number         0  main.o ABSOLUTE
    __cpp_initialize__aeabi_                  - Undefined Weak Reference
    __cxa_finalize                            - Undefined Weak Reference
    __decompress                              - Undefined Weak Reference
    _clock_init                               - Undefined Weak Reference
    _microlib_exit                            - Undefined Weak Reference
    __Vectors_Size                           0x000000c0   Number         0  arm_startup_nrf51.o ABSOLUTE
    __Vectors                                0x0003c000   Data           4  arm_startup_nrf51.o(RESET)
    __Vectors_End                            0x0003c0c0   Data           0  arm_startup_nrf51.o(RESET)
    __main                                   0x0003c0c1   Thumb Code     0  entry.o(.ARM.Collect$$$$00000000)
    _main_stk                                0x0003c0c1   Thumb Code     0  entry2.o(.ARM.Collect$$$$00000001)
    _main_scatterload                        0x0003c0c5   Thumb Code     0  entry5.o(.ARM.Collect$$$$00000004)
    __main_after_scatterload                 0x0003c0c9   Thumb Code     0  entry5.o(.ARM.Collect$$$$00000004)
    _main_clock                              0x0003c0c9   Thumb Code     0  entry7b.o(.ARM.Collect$$$$00000008)
    _main_cpp_init                           0x0003c0c9   Thumb Code     0  entry8b.o(.ARM.Collect$$$$0000000A)
    _main_init                               0x0003c0c9   Thumb Code     0  entry9a.o(.ARM.Collect$$$$0000000B)
    __rt_final_cpp                           0x0003c0d1   Thumb Code     0  entry10a.o(.ARM.Collect$$$$0000000D)
    __rt_final_exit                          0x0003c0d1   Thumb Code     0  entry11a.o(.ARM.Collect$$$$0000000F)
    SVC_Handler                              0x0003c0d5   Thumb Code    28  dfu_ble_svc.o(.emb_text)
    __asm___11_nrf_delay_c_532987f3__nrf_delay_us 0x0003c0f9   Thumb Code    30  nrf_delay.o(.emb_text)
    __asm___11_app_timer_c_cd27f9c3__nrf_delay_us 0x0003c119   Thumb Code    30  app_timer.o(.emb_text)
    __asm___17_bootloader_util_c_c13d365c__bootloader_util_reset 0x0003c139   Thumb Code    52  bootloader_util.o(.emb_text)
    C_SVC_Handler                            0x0003c16d   Thumb Code    88  dfu_ble_svc.o(.text)
    dfu_ble_peer_data_get                    0x0003c1c5   Thumb Code    54  dfu_ble_svc.o(.text)
    main                                     0x0003c287   Thumb Code   290  main.o(.text)
    adv_data_encode                          0x0003c4f1   Thumb Code   532  ble_advdata.o(.text)
    ble_advdata_set                          0x0003c705   Thumb Code   104  ble_advdata.o(.text)
    ble_conn_params_init                     0x0003ca9b   Thumb Code    68  ble_conn_params.o(.text)
    ble_conn_params_stop                     0x0003cadf   Thumb Code    12  ble_conn_params.o(.text)
    ble_conn_params_on_ble_evt               0x0003cb47   Thumb Code   132  ble_conn_params.o(.text)
    ble_dfu_response_send                    0x0003cbf9   Thumb Code    86  ble_dfu.o(.text)
    ble_dfu_init                             0x0003cd3f   Thumb Code   128  ble_dfu.o(.text)
    ble_dfu_on_ble_evt                       0x0003cdbf   Thumb Code   132  ble_dfu.o(.text)
    ble_dfu_bytes_rcvd_report                0x0003ce43   Thumb Code   110  ble_dfu.o(.text)
    ble_dfu_pkts_rcpt_notify                 0x0003ceb1   Thumb Code   100  ble_dfu.o(.text)
    nrf_delay_ms                             0x0003d0cd   Thumb Code    24  nrf_delay.o(.text)
    pstorage_sys_event_handler               0x0003d1b1   Thumb Code   140  pstorage_raw.o(.text)
    pstorage_init                            0x0003d23d   Thumb Code    54  pstorage_raw.o(.text)
    pstorage_register                        0x0003d273   Thumb Code    34  pstorage_raw.o(.text)
    pstorage_store                           0x0003d295   Thumb Code    50  pstorage_raw.o(.text)
    pstorage_clear                           0x0003d2c7   Thumb Code    18  pstorage_raw.o(.text)
    app_error_handler_bare                   0x0003d30d   Thumb Code    20  app_error.o(.text)
    app_error_fault_handler                  0x0003d325   Thumb Code    18  app_error_weak.o(.text)
    app_sched_init                           0x0003d341   Thumb Code    40  app_scheduler.o(.text)
    app_sched_event_put                      0x0003d369   Thumb Code   146  app_scheduler.o(.text)
    app_sched_execute                        0x0003d3fb   Thumb Code    30  app_scheduler.o(.text)
    RTC1_IRQHandler                          0x0003d64d   Thumb Code    28  app_timer.o(.text)
    SWI0_IRQHandler                          0x0003d669   Thumb Code     8  app_timer.o(.text)
    app_timer_init                           0x0003d671   Thumb Code   128  app_timer.o(.text)
    app_timer_create                         0x0003d6f1   Thumb Code    40  app_timer.o(.text)
    app_timer_start                          0x0003d765   Thumb Code   114  app_timer.o(.text)
    app_timer_stop                           0x0003d7d7   Thumb Code    78  app_timer.o(.text)
    app_timer_evt_schedule                   0x0003daa7   Thumb Code    18  app_timer_appsh.o(.text)
    app_util_critical_region_enter           0x0003dabd   Thumb Code    48  app_util_platform.o(.text)
    app_util_critical_region_exit            0x0003daed   Thumb Code    38  app_util_platform.o(.text)
    bootloader_app_is_valid                  0x0003db5f   Thumb Code    62  bootloader.o(.text)
    bootloader_dfu_update_process            0x0003dbcb   Thumb Code   218  bootloader.o(.text)
    bootloader_init                          0x0003dca5   Thumb Code    36  bootloader.o(.text)
    bootloader_dfu_start                     0x0003dcc9   Thumb Code    24  bootloader.o(.text)
    bootloader_app_start                     0x0003dce1   Thumb Code    72  bootloader.o(.text)
    bootloader_dfu_sd_in_progress            0x0003dd29   Thumb Code    30  bootloader.o(.text)
    bootloader_dfu_sd_update_continue        0x0003dd47   Thumb Code    64  bootloader.o(.text)
    bootloader_dfu_sd_update_finalize        0x0003dd87   Thumb Code    38  bootloader.o(.text)
    bootloader_settings_get                  0x0003ddad   Thumb Code    46  bootloader.o(.text)
    bootloader_util_settings_get             0x0003dded   Thumb Code     6  bootloader_settings.o(.text)
    bootloader_util_app_start                0x0003ddf9   Thumb Code     8  bootloader_util.o(.text)
    crc16_compute                            0x0003de01   Thumb Code    54  crc16.o(.text)
    dfu_init                                 0x0003e01f   Thumb Code   130  dfu_dual_bank.o(.text)
    dfu_register_callback                    0x0003e0a1   Thumb Code     6  dfu_dual_bank.o(.text)
    dfu_start_pkt_handle                     0x0003e0a7   Thumb Code   164  dfu_dual_bank.o(.text)
    dfu_data_pkt_handle                      0x0003e14b   Thumb Code   104  dfu_dual_bank.o(.text)
    dfu_init_pkt_complete                    0x0003e1b3   Thumb Code    46  dfu_dual_bank.o(.text)
    dfu_init_pkt_handle                      0x0003e1e1   Thumb Code   136  dfu_dual_bank.o(.text)
    dfu_image_validate                       0x0003e269   Thumb Code    54  dfu_dual_bank.o(.text)
    dfu_image_activate                       0x0003e29f   Thumb Code    38  dfu_dual_bank.o(.text)
    dfu_reset                                0x0003e2c5   Thumb Code    24  dfu_dual_bank.o(.text)
    dfu_sd_image_swap                        0x0003e321   Thumb Code   116  dfu_dual_bank.o(.text)
    dfu_bl_image_swap                        0x0003e395   Thumb Code    70  dfu_dual_bank.o(.text)
    dfu_bl_image_validate                    0x0003e3db   Thumb Code    72  dfu_dual_bank.o(.text)
    dfu_sd_image_validate                    0x0003e423   Thumb Code    88  dfu_dual_bank.o(.text)
    dfu_init_prevalidate                     0x0003e4b1   Thumb Code   118  dfu_init_template.o(.text)
    dfu_init_postvalidate                    0x0003e527   Thumb Code    30  dfu_init_template.o(.text)
    dfu_transport_close                      0x0003e6b5   Thumb Code    72  dfu_transport_ble.o(.text)
    dfu_transport_update_start               0x0003ea51   Thumb Code   260  dfu_transport_ble.o(.text)
    hci_mem_pool_open                        0x0003ed25   Thumb Code    30  hci_mem_pool.o(.text)
    hci_mem_pool_rx_produce                  0x0003ed43   Thumb Code    78  hci_mem_pool.o(.text)
    hci_mem_pool_rx_consume                  0x0003ed91   Thumb Code   102  hci_mem_pool.o(.text)
    hci_mem_pool_rx_data_size_set            0x0003edf7   Thumb Code    24  hci_mem_pool.o(.text)
    hci_mem_pool_rx_extract                  0x0003ee0f   Thumb Code    68  hci_mem_pool.o(.text)
    softdevice_fault_handler                 0x0003ee61   Thumb Code     8  softdevice_handler.o(.text)
    intern_softdevice_events_execute         0x0003ee69   Thumb Code   116  softdevice_handler.o(.text)
    softdevice_handler_init                  0x0003eedd   Thumb Code    42  softdevice_handler.o(.text)
    softdevice_ble_evt_handler_set           0x0003ef07   Thumb Code    16  softdevice_handler.o(.text)
    softdevice_sys_evt_handler_set           0x0003ef17   Thumb Code    16  softdevice_handler.o(.text)
    SWI2_IRQHandler                          0x0003ef27   Thumb Code    28  softdevice_handler.o(.text)
    softdevice_enable_get_default_config     0x0003ef43   Thumb Code    40  softdevice_handler.o(.text)
    softdevice_enable                        0x0003ef6b   Thumb Code    14  softdevice_handler.o(.text)
    softdevice_evt_get                       0x0003f011   Thumb Code    18  softdevice_handler_appsh.o(.text)
    softdevice_evt_schedule                  0x0003f023   Thumb Code    14  softdevice_handler_appsh.o(.text)
    Reset_Handler                            0x0003f035   Thumb Code    26  arm_startup_nrf51.o(.text)
    NMI_Handler                              0x0003f04f   Thumb Code     2  arm_startup_nrf51.o(.text)
    HardFault_Handler                        0x0003f051   Thumb Code     2  arm_startup_nrf51.o(.text)
    PendSV_Handler                           0x0003f055   Thumb Code     2  arm_startup_nrf51.o(.text)
    SysTick_Handler                          0x0003f057   Thumb Code     2  arm_startup_nrf51.o(.text)
    ADC_IRQHandler                           0x0003f059   Thumb Code     0  arm_startup_nrf51.o(.text)
    CCM_AAR_IRQHandler                       0x0003f059   Thumb Code     0  arm_startup_nrf51.o(.text)
    ECB_IRQHandler                           0x0003f059   Thumb Code     0  arm_startup_nrf51.o(.text)
    GPIOTE_IRQHandler                        0x0003f059   Thumb Code     0  arm_startup_nrf51.o(.text)
    LPCOMP_IRQHandler                        0x0003f059   Thumb Code     0  arm_startup_nrf51.o(.text)
    POWER_CLOCK_IRQHandler                   0x0003f059   Thumb Code     0  arm_startup_nrf51.o(.text)
    QDEC_IRQHandler                          0x0003f059   Thumb Code     0  arm_startup_nrf51.o(.text)
    RADIO_IRQHandler                         0x0003f059   Thumb Code     0  arm_startup_nrf51.o(.text)
    RNG_IRQHandler                           0x0003f059   Thumb Code     0  arm_startup_nrf51.o(.text)
    RTC0_IRQHandler                          0x0003f059   Thumb Code     0  arm_startup_nrf51.o(.text)
    SPI0_TWI0_IRQHandler                     0x0003f059   Thumb Code     0  arm_startup_nrf51.o(.text)
    SPI1_TWI1_IRQHandler                     0x0003f059   Thumb Code     0  arm_startup_nrf51.o(.text)
    SWI1_IRQHandler                          0x0003f059   Thumb Code     0  arm_startup_nrf51.o(.text)
    SWI3_IRQHandler                          0x0003f059   Thumb Code     0  arm_startup_nrf51.o(.text)
    SWI4_IRQHandler                          0x0003f059   Thumb Code     0  arm_startup_nrf51.o(.text)
    SWI5_IRQHandler                          0x0003f059   Thumb Code     0  arm_startup_nrf51.o(.text)
    TEMP_IRQHandler                          0x0003f059   Thumb Code     0  arm_startup_nrf51.o(.text)
    TIMER0_IRQHandler                        0x0003f059   Thumb Code     0  arm_startup_nrf51.o(.text)
    TIMER1_IRQHandler                        0x0003f059   Thumb Code     0  arm_startup_nrf51.o(.text)
    TIMER2_IRQHandler                        0x0003f059   Thumb Code     0  arm_startup_nrf51.o(.text)
    UART0_IRQHandler                         0x0003f059   Thumb Code     0  arm_startup_nrf51.o(.text)
    WDT_IRQHandler                           0x0003f059   Thumb Code     0  arm_startup_nrf51.o(.text)
    SystemInit                               0x0003f06d   Thumb Code   130  system_nrf51.o(.text)
    __aeabi_uidiv                            0x0003f14d   Thumb Code     0  uidiv.o(.text)
    __aeabi_uidivmod                         0x0003f14d   Thumb Code    44  uidiv.o(.text)
    __aeabi_memcpy                           0x0003f179   Thumb Code    36  memcpya.o(.text)
    __aeabi_memcpy4                          0x0003f179   Thumb Code     0  memcpya.o(.text)
    __aeabi_memcpy8                          0x0003f179   Thumb Code     0  memcpya.o(.text)
    __aeabi_memset                           0x0003f19d   Thumb Code    14  memseta.o(.text)
    __aeabi_memset4                          0x0003f19d   Thumb Code     0  memseta.o(.text)
    __aeabi_memset8                          0x0003f19d   Thumb Code     0  memseta.o(.text)
    __aeabi_memclr                           0x0003f1ab   Thumb Code     4  memseta.o(.text)
    __aeabi_memclr4                          0x0003f1ab   Thumb Code     0  memseta.o(.text)
    __aeabi_memclr8                          0x0003f1ab   Thumb Code     0  memseta.o(.text)
    _memset$wrapper                          0x0003f1af   Thumb Code    18  memseta.o(.text)
    memcmp                                   0x0003f1c1   Thumb Code    26  memcmp.o(.text)
    __aeabi_uread4                           0x0003f1db   Thumb Code    20  uread4.o(.text)
    __rt_uread4                              0x0003f1db   Thumb Code     0  uread4.o(.text)
    _uread4                                  0x0003f1db   Thumb Code     0  uread4.o(.text)
    __scatterload                            0x0003f1f1   Thumb Code    28  init.o(.text)
    __scatterload_rt2                        0x0003f1f1   Thumb Code     0  init.o(.text)
    __ARM_common_switch8                     0x0003f215   Thumb Code    26  ble_dfu.o(i.__ARM_common_switch8)
    __scatterload_copy                       0x0003f22f   Thumb Code    14  handlers.o(i.__scatterload_copy)
    __scatterload_null                       0x0003f23d   Thumb Code     2  handlers.o(i.__scatterload_null)
    __scatterload_zeroinit                   0x0003f23f   Thumb Code    14  handlers.o(i.__scatterload_zeroinit)
    Region$$Table$$Base                      0x0003f2d8   Number         0  anon$$obj.o(Region$$Table)
    Region$$Table$$Limit                     0x0003f2f8   Number         0  anon$$obj.o(Region$$Table)
    m_boot_settings                          0x0003fc00   Data        1024  bootloader_settings.o(.ARM.__AT_0x0003FC00)
    m_uicr_bootloader_start_address          0x10001014   Data           4  bootloader_settings.o(.ARM.__AT_0x10001014)
    Image$$RW_IRAM1$$Base                    0x20002c00   Number         0  anon$$obj.o ABSOLUTE
    nrf_nvic_state                           0x20002cc8   Data           8  softdevice_handler.o(.data)
    SystemCoreClock                          0x20002cd0   Data           4  system_nrf51.o(.data)
    __initial_sp                             0x20003c18   Data           0  arm_startup_nrf51.o(STACK)



==============================================================================

Memory Map of the image

  Image Entry point : 0x0003c0c1

  Load Region LR_IROM1 (Base: 0x0003c000, Size: 0x000033cc, Max: 0x00003c00, ABSOLUTE)

    Execution Region ER_IROM1 (Base: 0x0003c000, Size: 0x000032f8, Max: 0x00003c00, ABSOLUTE)

    Base Addr    Size         Type   Attr      Idx    E Section Name        Object

    0x0003c000   0x000000c0   Data   RO         1060    RESET               arm_startup_nrf51.o
    0x0003c0c0   0x00000000   Code   RO         1097  * .ARM.Collect$$$$00000000  mc_p.l(entry.o)
    0x0003c0c0   0x00000004   Code   RO         1114    .ARM.Collect$$$$00000001  mc_p.l(entry2.o)
    0x0003c0c4   0x00000004   Code   RO         1117    .ARM.Collect$$$$00000004  mc_p.l(entry5.o)
    0x0003c0c8   0x00000000   Code   RO         1119    .ARM.Collect$$$$00000008  mc_p.l(entry7b.o)
    0x0003c0c8   0x00000000   Code   RO         1121    .ARM.Collect$$$$0000000A  mc_p.l(entry8b.o)
    0x0003c0c8   0x00000008   Code   RO         1122    .ARM.Collect$$$$0000000B  mc_p.l(entry9a.o)
    0x0003c0d0   0x00000000   Code   RO         1124    .ARM.Collect$$$$0000000D  mc_p.l(entry10a.o)
    0x0003c0d0   0x00000000   Code   RO         1126    .ARM.Collect$$$$0000000F  mc_p.l(entry11a.o)
    0x0003c0d0   0x00000004   Code   RO         1115    .ARM.Collect$$$$00002712  mc_p.l(entry2.o)
    0x0003c0d4   0x00000024   Code   RO            3    .emb_text           dfu_ble_svc.o
    0x0003c0f8   0x0000001e   Code   RO          410    .emb_text           nrf_delay.o
    0x0003c116   0x00000002   PAD
    0x0003c118   0x0000001e   Code   RO          614    .emb_text           app_timer.o
    0x0003c136   0x00000002   PAD
    0x0003c138   0x00000034   Code   RO          793    .emb_text           bootloader_util.o
    0x0003c16c   0x00000094   Code   RO            4    .text               dfu_ble_svc.o
    0x0003c200   0x00000214   Code   RO          103    .text               main.o
    0x0003c414   0x00000630   Code   RO          246    .text               ble_advdata.o
    0x0003ca44   0x000001b4   Code   RO          285    .text               ble_conn_params.o
    0x0003cbf8   0x000004d4   Code   RO          329    .text               ble_dfu.o
    0x0003d0cc   0x0000001c   Code   RO          411    .text               nrf_delay.o
    0x0003d0e8   0x00000224   Code   RO          487    .text               pstorage_raw.o
    0x0003d30c   0x00000018   Code   RO          527    .text               app_error.o
    0x0003d324   0x0000001c   Code   RO          566    .text               app_error_weak.o
    0x0003d340   0x00000120   Code   RO          586    .text               app_scheduler.o
    0x0003d460   0x00000630   Code   RO          615    .text               app_timer.o
    0x0003da90   0x0000002c   Code   RO          670    .text               app_timer_appsh.o
    0x0003dabc   0x00000064   Code   RO          692    .text               app_util_platform.o
    0x0003db20   0x000002cc   Code   RO          732    .text               bootloader.o
    0x0003ddec   0x0000000c   Code   RO          771    .text               bootloader_settings.o
    0x0003ddf8   0x00000008   Code   RO          794    .text               bootloader_util.o
    0x0003de00   0x0000003c   Code   RO          809    .text               crc16.o
    0x0003de3c   0x00000674   Code   RO          823    .text               dfu_dual_bank.o
    0x0003e4b0   0x000000a4   Code   RO          860    .text               dfu_init_template.o
    0x0003e554   0x000007d0   Code   RO          884    .text               dfu_transport_ble.o
    0x0003ed24   0x0000013c   Code   RO          937    .text               hci_mem_pool.o
    0x0003ee60   0x000001b0   Code   RO          989    .text               softdevice_handler.o
    0x0003f010   0x00000024   Code   RO         1040    .text               softdevice_handler_appsh.o
    0x0003f034   0x00000038   Code   RO         1061    .text               arm_startup_nrf51.o
    0x0003f06c   0x000000e0   Code   RO         1068    .text               system_nrf51.o
    0x0003f14c   0x0000002c   Code   RO         1100    .text               mc_p.l(uidiv.o)
    0x0003f178   0x00000024   Code   RO         1102    .text               mc_p.l(memcpya.o)
    0x0003f19c   0x00000024   Code   RO         1104    .text               mc_p.l(memseta.o)
    0x0003f1c0   0x0000001a   Code   RO         1108    .text               mc_p.l(memcmp.o)
    0x0003f1da   0x00000014   Code   RO         1112    .text               mc_p.l(uread4.o)
    0x0003f1ee   0x00000002   PAD
    0x0003f1f0   0x00000024   Code   RO         1128    .text               mc_p.l(init.o)
    0x0003f214   0x0000001a   Code   RO          347    i.__ARM_common_switch8  ble_dfu.o
    0x0003f22e   0x0000000e   Code   RO         1132    i.__scatterload_copy  mc_p.l(handlers.o)
    0x0003f23c   0x00000002   Code   RO         1133    i.__scatterload_null  mc_p.l(handlers.o)
    0x0003f23e   0x0000000e   Code   RO         1134    i.__scatterload_zeroinit  mc_p.l(handlers.o)
    0x0003f24c   0x00000014   Data   RO          105    .constdata          main.o
    0x0003f260   0x00000004   Data   RO          289    .constdata          ble_conn_params.o
    0x0003f264   0x00000010   Data   RO          330    .constdata          ble_dfu.o
    0x0003f274   0x00000020   Data   RO          734    .constdata          bootloader.o
    0x0003f294   0x00000024   Data   RO          827    .constdata          dfu_dual_bank.o
    0x0003f2b8   0x00000020   Data   RO          886    .constdata          dfu_transport_ble.o
    0x0003f2d8   0x00000020   Data   RO         1130    Region$$Table       anon$$obj.o


    Execution Region RW_IRAM1 (Base: 0x20002c00, Size: 0x00001018, Max: 0x00005380, ABSOLUTE)

    Base Addr    Size         Type   Attr      Idx    E Section Name        Object

    0x20002c00   0x00000014   Data   RW          290    .data               ble_conn_params.o
    0x20002c14   0x00000008   Data   RW          331    .data               ble_dfu.o
    0x20002c1c   0x00000008   Data   RW          490    .data               pstorage_raw.o
    0x20002c24   0x00000010   Data   RW          587    .data               app_scheduler.o
    0x20002c34   0x00000020   Data   RW          619    .data               app_timer.o
    0x20002c54   0x0000000c   Data   RW          735    .data               bootloader.o
    0x20002c60   0x00000028   Data   RW          828    .data               dfu_dual_bank.o
    0x20002c88   0x00000001   Data   RW          862    .data               dfu_init_template.o
    0x20002c89   0x00000003   PAD
    0x20002c8c   0x00000021   Data   RW          887    .data               dfu_transport_ble.o
    0x20002cad   0x00000005   Data   RW          942    .data               hci_mem_pool.o
    0x20002cb2   0x00000002   PAD
    0x20002cb4   0x0000001c   Data   RW          993    .data               softdevice_handler.o
    0x20002cd0   0x00000004   Data   RW         1069    .data               system_nrf51.o
    0x20002cd4   0x00000360   Zero   RW          104    .bss                main.o
    0x20003034   0x00000020   Zero   RW          287    .bss                ble_conn_params.o
    0x20003054   0x0000001c   Zero   RW          288    .bss                ble_conn_params.o
    0x20003070   0x00000100   Zero   RW          489    .bss                pstorage_raw.o
    0x20003170   0x0000001c   Zero   RW          733    .bss                bootloader.o
    0x2000318c   0x00000020   Zero   RW          825    .bss                dfu_dual_bank.o
    0x200031ac   0x0000009c   Zero   RW          826    .bss                dfu_dual_bank.o
    0x20003248   0x0000000a   Zero   RW          861    .bss                dfu_init_template.o
    0x20003252   0x00000002   PAD
    0x20003254   0x00000084   Zero   RW          885    .bss                dfu_transport_ble.o
    0x200032d8   0x0000013c   Zero   RW          941    .bss                hci_mem_pool.o
    0x20003414   0x00000004   PAD
    0x20003418   0x00000800   Zero   RW         1058    STACK               arm_startup_nrf51.o


    Execution Region RW_IRAM2 (Base: 0x20007f80, Size: 0x00000040, Max: 0x00000080, ABSOLUTE, UNINIT)

    Base Addr    Size         Type   Attr      Idx    E Section Name        Object

    0x20007f80   0x0000003e   Zero   RW            5    NoInit              dfu_ble_svc.o



  Load Region LR$$.ARM.__AT_0x0003FC00 (Base: 0x0003fc00, Size: 0x00000000, Max: 0x00000400, ABSOLUTE)

    Execution Region ER$$.ARM.__AT_0x0003FC00 (Base: 0x0003fc00, Size: 0x00000400, Max: 0x00000400, ABSOLUTE, UNINIT)

    Base Addr    Size         Type   Attr      Idx    E Section Name        Object

    0x0003fc00   0x00000400   Zero   RW          772    .ARM.__AT_0x0003FC00  bootloader_settings.o



  Load Region LR$$.ARM.__AT_0x10001014 (Base: 0x10001014, Size: 0x00000004, Max: 0x00000004, ABSOLUTE)

    Execution Region ER$$.ARM.__AT_0x10001014 (Base: 0x10001014, Size: 0x00000004, Max: 0x00000004, ABSOLUTE, UNINIT)

    Base Addr    Size         Type   Attr      Idx    E Section Name        Object

    0x10001014   0x00000004   Data   RW          773    .ARM.__AT_0x10001014  bootloader_settings.o


==============================================================================

Image component sizes


      Code (inc. data)   RO Data    RW Data    ZI Data      Debug   Object Name

        24          4          0          0          0       2189   app_error.o
        28         10          0          0          0        682   app_error_weak.o
       288         10          0         16          0       4047   app_scheduler.o
      1614         66          0         32          0      22877   app_timer.o
        44          4          0          0          0       1537   app_timer_appsh.o
       100         14          0          0          0       5432   app_util_platform.o
        56         18        192          0       2048        692   arm_startup_nrf51.o
      1584          6          0          0          0      22722   ble_advdata.o
       436         20          4         20         60      11775   ble_conn_params.o
      1262         32         16          8          0      12895   ble_dfu.o
       716         18         32         12         28      13836   bootloader.o
        12          6          0          4       1024       1669   bootloader_settings.o
        60          2          0          0          0       1220   bootloader_util.o
        60          6          0          0          0       1276   crc16.o
       184         16          0          0         62      41930   dfu_ble_svc.o
      1652         66         36         40        188      12892   dfu_dual_bank.o
       164         16          0          1         10       2421   dfu_init_template.o
      2000         92         32         33        132      29029   dfu_transport_ble.o
       316         14          0          5        316       4146   hci_mem_pool.o
       532         52         20          0        864      44375   main.o
        58          4          0          0          0       1723   nrf_delay.o
       548          8          0          8        256      10815   pstorage_raw.o
       432         34          0         28          0      14602   softdevice_handler.o
        36          4          0          0          0       1585   softdevice_handler_appsh.o
       224         28          0          4          0       1911   system_nrf51.o

    ----------------------------------------------------------------------
     12434        550        364        216       4996     268278   Object Totals
         0          0         32          0          0          0   (incl. Generated)
         4          0          0          5          8          0   (incl. Padding)

    ----------------------------------------------------------------------

      Code (inc. data)   RO Data    RW Data    ZI Data      Debug   Library Member Name

         0          0          0          0          0          0   entry.o
         0          0          0          0          0          0   entry10a.o
         0          0          0          0          0          0   entry11a.o
         8          4          0          0          0          0   entry2.o
         4          0          0          0          0          0   entry5.o
         0          0          0          0          0          0   entry7b.o
         0          0          0          0          0          0   entry8b.o
         8          4          0          0          0          0   entry9a.o
        30          0          0          0          0          0   handlers.o
        36          8          0          0          0         68   init.o
        26          0          0          0          0         72   memcmp.o
        36          0          0          0          0         60   memcpya.o
        36          0          0          0          0        100   memseta.o
        44          0          0          0          0         72   uidiv.o
        20          0          0          0          0         60   uread4.o

    ----------------------------------------------------------------------
       250         16          0          0          0        432   Library Totals
         2          0          0          0          0          0   (incl. Padding)

    ----------------------------------------------------------------------

      Code (inc. data)   RO Data    RW Data    ZI Data      Debug   Library Name

       248         16          0          0          0        432   mc_p.l

    ----------------------------------------------------------------------
       250         16          0          0          0        432   Library Totals

    ----------------------------------------------------------------------

==============================================================================


      Code (inc. data)   RO Data    RW Data    ZI Data      Debug   

     12684        566        364        216       4996     267246   Grand Totals
     12684        566        364        216       4996     267246   ELF Image Totals
     12684        566        364        216          0          0   ROM Totals

==============================================================================

    Total RO  Size (Code + RO Data)                13048 (  12.74kB)
    Total RW  Size (RW Data + ZI Data)              5212 (   5.09kB)
    Total ROM Size (Code + RO Data + RW Data)      13264 (  12.95kB)

==============================================================================

