Component: ARM Compiler 5.06 update 2 (build 183) Tool: armlink [4d35b7]

==============================================================================

Section Cross References

    main.o(i.assert_nrf_callback) refers to app_error.o(i.app_error_handler) for app_error_handler
    main.o(i.ble_evt_dispatch) refers to ble_conn_params.o(i.ble_conn_params_on_ble_evt) for ble_conn_params_on_ble_evt
    main.o(i.ble_evt_dispatch) refers to ble_nus.o(i.ble_nus_on_ble_evt) for ble_nus_on_ble_evt
    main.o(i.ble_evt_dispatch) refers to main.o(i.on_ble_evt) for on_ble_evt
    main.o(i.ble_evt_dispatch) refers to ble_advertising.o(i.ble_advertising_on_ble_evt) for ble_advertising_on_ble_evt
    main.o(i.ble_evt_dispatch) refers to bsp_btn_ble.o(i.bsp_btn_ble_on_ble_evt) for bsp_btn_ble_on_ble_evt
    main.o(i.ble_evt_dispatch) refers to main.o(.bss) for .bss
    main.o(i.ble_stack_init) refers to softdevice_handler.o(i.softdevice_handler_init) for softdevice_handler_init
    main.o(i.ble_stack_init) refers to app_error.o(i.app_error_handler_bare) for app_error_handler_bare
    main.o(i.ble_stack_init) refers to softdevice_handler.o(i.softdevice_enable_get_default_config) for softdevice_enable_get_default_config
    main.o(i.ble_stack_init) refers to softdevice_handler.o(i.sd_check_ram_start) for sd_check_ram_start
    main.o(i.ble_stack_init) refers to softdevice_handler.o(i.softdevice_enable) for softdevice_enable
    main.o(i.ble_stack_init) refers to softdevice_handler.o(i.softdevice_ble_evt_handler_set) for softdevice_ble_evt_handler_set
    main.o(i.ble_stack_init) refers to main.o(.constdata) for .constdata
    main.o(i.ble_stack_init) refers to main.o(.bss) for .bss
    main.o(i.ble_stack_init) refers to main.o(i.ble_evt_dispatch) for ble_evt_dispatch
    main.o(i.bsp_event_handler) refers to main.o(i.sleep_mode_enter) for sleep_mode_enter
    main.o(i.bsp_event_handler) refers to app_error.o(i.app_error_handler_bare) for app_error_handler_bare
    main.o(i.bsp_event_handler) refers to ble_advertising.o(i.ble_advertising_restart_without_whitelist) for ble_advertising_restart_without_whitelist
    main.o(i.bsp_event_handler) refers to main.o(.data) for .data
    main.o(i.conn_params_error_handler) refers to app_error.o(i.app_error_handler_bare) for app_error_handler_bare
    main.o(i.main) refers to app_timer.o(i.app_timer_init) for app_timer_init
    main.o(i.main) refers to app_error.o(i.app_error_handler_bare) for app_error_handler_bare
    main.o(i.main) refers to app_uart_fifo.o(i.app_uart_init) for app_uart_init
    main.o(i.main) refers to bsp.o(i.bsp_init) for bsp_init
    main.o(i.main) refers to bsp_btn_ble.o(i.bsp_btn_ble_init) for bsp_btn_ble_init
    main.o(i.main) refers to main.o(i.ble_stack_init) for ble_stack_init
    main.o(i.main) refers to ble_nus.o(i.ble_nus_init) for ble_nus_init
    main.o(i.main) refers to memseta.o(.text) for __aeabi_memclr4
    main.o(i.main) refers to ble_advertising.o(i.ble_advertising_init) for ble_advertising_init
    main.o(i.main) refers to ble_conn_params.o(i.ble_conn_params_init) for ble_conn_params_init
    main.o(i.main) refers to printfa.o(i.__0printf) for __2printf
    main.o(i.main) refers to ble_advertising.o(i.ble_advertising_start) for ble_advertising_start
    main.o(i.main) refers to led_display.o(i.led_init) for led_init
    main.o(i.main) refers to main.o(.bss) for .bss
    main.o(i.main) refers to main.o(.constdata) for .constdata
    main.o(i.main) refers to main.o(i.uart_event_handle) for uart_event_handle
    main.o(i.main) refers to main.o(i.bsp_event_handler) for bsp_event_handler
    main.o(i.main) refers to main.o(i.nus_data_handler) for nus_data_handler
    main.o(i.main) refers to main.o(.data) for .data
    main.o(i.main) refers to main.o(i.on_adv_evt) for on_adv_evt
    main.o(i.main) refers to main.o(i.on_conn_params_evt) for on_conn_params_evt
    main.o(i.main) refers to main.o(i.conn_params_error_handler) for conn_params_error_handler
    main.o(i.nus_data_handler) refers to app_uart_fifo.o(i.app_uart_put) for app_uart_put
    main.o(i.on_adv_evt) refers to bsp.o(i.bsp_indication_set) for bsp_indication_set
    main.o(i.on_adv_evt) refers to app_error.o(i.app_error_handler_bare) for app_error_handler_bare
    main.o(i.on_adv_evt) refers to main.o(i.sleep_mode_enter) for sleep_mode_enter
    main.o(i.on_ble_evt) refers to app_error.o(i.app_error_handler_bare) for app_error_handler_bare
    main.o(i.on_ble_evt) refers to bsp.o(i.bsp_indication_set) for bsp_indication_set
    main.o(i.on_ble_evt) refers to main.o(.data) for .data
    main.o(i.on_conn_params_evt) refers to app_error.o(i.app_error_handler_bare) for app_error_handler_bare
    main.o(i.on_conn_params_evt) refers to main.o(.data) for .data
    main.o(i.sleep_mode_enter) refers to bsp.o(i.bsp_indication_set) for bsp_indication_set
    main.o(i.sleep_mode_enter) refers to app_error.o(i.app_error_handler_bare) for app_error_handler_bare
[...]
    ..\\..\\..\\..\\..\\..\\components\\ble\\common\\ble_conn_params.c 0x00000000   Number         0  ble_conn_params.o ABSOLUTE
    ..\\..\\..\\..\\..\\..\\components\\ble\\common\\ble_srv_common.c 0x00000000   Number         0  ble_srv_common.o ABSOLUTE
    ..\\..\\..\\..\\..\\..\\components\\drivers_nrf\\common\\nrf_drv_common.c 0x00000000   Number         0  nrf_drv_common.o ABSOLUTE
    ..\\..\\..\\..\\..\\..\\components\\drivers_nrf\\delay\\nrf_delay.c 0x00000000   Number         0  nrf_delay.o ABSOLUTE
    ..\\..\\..\\..\\..\\..\\components\\drivers_nrf\\gpiote\\nrf_drv_gpiote.c 0x00000000   Number         0  nrf_drv_gpiote.o ABSOLUTE
    ..\\..\\..\\..\\..\\..\\components\\drivers_nrf\\pstorage\\pstorage.c 0x00000000   Number         0  pstorage.o ABSOLUTE
    ..\\..\\..\\..\\..\\..\\components\\drivers_nrf\\uart\\nrf_drv_uart.c 0x00000000   Number         0  nrf_drv_uart.o ABSOLUTE
    ..\\..\\..\\..\\..\\..\\components\\libraries\\button\\app_button.c 0x00000000   Number         0  app_button.o ABSOLUTE
    ..\\..\\..\\..\\..\\..\\components\\libraries\\fifo\\app_fifo.c 0x00000000   Number         0  app_fifo.o ABSOLUTE
    ..\\..\\..\\..\\..\\..\\components\\libraries\\fstorage\\fstorage.c 0x00000000   Number         0  fstorage.o ABSOLUTE
    ..\\..\\..\\..\\..\\..\\components\\libraries\\timer\\app_timer.c 0x00000000   Number         0  app_timer.o ABSOLUTE
    ..\\..\\..\\..\\..\\..\\components\\libraries\\uart\\app_uart_fifo.c 0x00000000   Number         0  app_uart_fifo.o ABSOLUTE
    ..\\..\\..\\..\\..\\..\\components\\libraries\\uart\\retarget.c 0x00000000   Number         0  retarget.o ABSOLUTE
    ..\\..\\..\\..\\..\\..\\components\\libraries\\util\\app_error.c 0x00000000   Number         0  app_error.o ABSOLUTE
    ..\\..\\..\\..\\..\\..\\components\\libraries\\util\\app_error_weak.c 0x00000000   Number         0  app_error_weak.o ABSOLUTE
    ..\\..\\..\\..\\..\\..\\components\\libraries\\util\\app_util_platform.c 0x00000000   Number         0  app_util_platform.o ABSOLUTE
    ..\\..\\..\\..\\..\\..\\components\\libraries\\util\\nrf_assert.c 0x00000000   Number         0  nrf_assert.o ABSOLUTE
    ..\\..\\..\\..\\..\\..\\components\\libraries\\util\\nrf_log.c 0x00000000   Number         0  nrf_log.o ABSOLUTE
    ..\\..\\..\\..\\..\\..\\components\\softdevice\\common\\softdevice_handler\\softdevice_handler.c 0x00000000   Number         0  softdevice_handler.o ABSOLUTE
    ..\\..\\..\\..\\..\\bsp\\bsp.c           0x00000000   Number         0  bsp.o ABSOLUTE
    ..\\..\\..\\..\\..\\bsp\\bsp_btn_ble.c   0x00000000   Number         0  bsp_btn_ble.o ABSOLUTE
    ..\\..\\..\\App\\app_init1.c             0x00000000   Number         0  app_init1.o ABSOLUTE
    ..\\..\\..\\App\\led_display.c           0x00000000   Number         0  led_display.o ABSOLUTE
    ..\\..\\..\\main.c                       0x00000000   Number         0  main.o ABSOLUTE
    RTE\Device\nRF52832_xxAA\arm_startup_nrf52.s 0x00000000   Number         0  arm_startup_nrf52.o ABSOLUTE
    RTE\Device\nRF52832_xxAA\system_nrf52.c  0x00000000   Number         0  system_nrf52.o ABSOLUTE
    RTE\\Device\\nRF52832_xxAA\\system_nrf52.c 0x00000000   Number         0  system_nrf52.o ABSOLUTE
    cdrcmple.s                               0x00000000   Number         0  cdrcmple.o ABSOLUTE
    dc.s                                     0x00000000   Number         0  dc.o ABSOLUTE
    handlers.s                               0x00000000   Number         0  handlers.o ABSOLUTE
    init.s                                   0x00000000   Number         0  init.o ABSOLUTE
    RESET                                    0x0001c000   Section     1024  arm_startup_nrf52.o(RESET)
    .ARM.Collect$$$$00000000                 0x0001c400   Section        0  entry.o(.ARM.Collect$$$$00000000)
    .ARM.Collect$$$$00000001                 0x0001c400   Section        4  entry2.o(.ARM.Collect$$$$00000001)
    .ARM.Collect$$$$00000004                 0x0001c404   Section        4  entry5.o(.ARM.Collect$$$$00000004)
    .ARM.Collect$$$$00000008                 0x0001c408   Section        0  entry7b.o(.ARM.Collect$$$$00000008)
    .ARM.Collect$$$$0000000A                 0x0001c408   Section        0  entry8b.o(.ARM.Collect$$$$0000000A)
    .ARM.Collect$$$$0000000B                 0x0001c408   Section        8  entry9a.o(.ARM.Collect$$$$0000000B)
    .ARM.Collect$$$$0000000D                 0x0001c410   Section        0  entry10a.o(.ARM.Collect$$$$0000000D)
    .ARM.Collect$$$$0000000F                 0x0001c410   Section        0  entry11a.o(.ARM.Collect$$$$0000000F)
    .ARM.Collect$$$$00002712                 0x0001c410   Section        4  entry2.o(.ARM.Collect$$$$00002712)
    __lit__00000000                          0x0001c410   Data           4  entry2.o(.ARM.Collect$$$$00002712)
    .emb_text                                0x0001c414   Section      118  app_timer.o(.emb_text)
    $v0                                      0x0001c414   Number         0  app_timer.o(.emb_text)
    .text                                    0x0001c48c   Section       36  arm_startup_nrf52.o(.text)
    $v0                                      0x0001c48c   Number         0  arm_startup_nrf52.o(.text)
    .text                                    0x0001c4b0   Section        0  memcpya.o(.text)
    .text                                    0x0001c4d4   Section        0  memseta.o(.text)
    .text                                    0x0001c4f8   Section        0  uidiv.o(.text)
    .text                                    0x0001c524   Section        0  uldiv.o(.text)
    .text                                    0x0001c586   Section        0  dadd.o(.text)
    .text                                    0x0001c586   Section        0  iusefp.o(.text)
    .text                                    0x0001c6d4   Section        0  dmul.o(.text)
    .text                                    0x0001c7b8   Section        0  ddiv.o(.text)
    .text                                    0x0001c896   Section        0  dfixul.o(.text)
    .text                                    0x0001c8c8   Section       48  cdrcmple.o(.text)
    .text                                    0x0001c8f8   Section       36  init.o(.text)
    .text                                    0x0001c91c   Section        0  llshl.o(.text)
    .text                                    0x0001c93a   Section        0  llushr.o(.text)
    .text                                    0x0001c95a   Section        0  llsshr.o(.text)
    .text                                    0x0001c97e   Section        0  depilogue.o(.text)
    i.GPIOTE_IRQHandler                      0x0001ca38   Section        0  nrf_drv_gpiote.o(i.GPIOTE_IRQHandler)
    i.NVIC_ClearPendingIRQ                   0x0001cb80   Section        0  app_timer.o(i.NVIC_ClearPendingIRQ)
    NVIC_ClearPendingIRQ                     0x0001cb81   Thumb Code    22  app_timer.o(i.NVIC_ClearPendingIRQ)
    i.NVIC_EnableIRQ                         0x0001cb96   Section        0  app_timer.o(i.NVIC_EnableIRQ)
    NVIC_EnableIRQ                           0x0001cb97   Thumb Code    22  app_timer.o(i.NVIC_EnableIRQ)
    i.NVIC_SetPendingIRQ                     0x0001cbac   Section        0  app_timer.o(i.NVIC_SetPendingIRQ)
    NVIC_SetPendingIRQ                       0x0001cbad   Thumb Code    22  app_timer.o(i.NVIC_SetPendingIRQ)
    i.NVIC_SetPriority                       0x0001cbc2   Section        0  app_timer.o(i.NVIC_SetPriority)
    NVIC_SetPriority                         0x0001cbc3   Thumb Code    32  app_timer.o(i.NVIC_SetPriority)
    i.RTC1_IRQHandler                        0x0001cbe4   Section        0  app_timer.o(i.RTC1_IRQHandler)
    i.SWI0_EGU0_IRQHandler                   0x0001cc08   Section        0  app_timer.o(i.SWI0_EGU0_IRQHandler)
    i.SWI2_EGU2_IRQHandler                   0x0001cc0c   Section        0  softdevice_handler.o(i.SWI2_EGU2_IRQHandler)
    i.SystemInit                             0x0001cc30   Section        0  system_nrf52.o(i.SystemInit)
    i.Timer_change_frame_process             0x0001ce9c   Section        0  led_display.o(i.Timer_change_frame_process)
    Timer_change_frame_process               0x0001ce9d   Thumb Code    86  led_display.o(i.Timer_change_frame_process)
    i.Timer_close_led_process                0x0001cf34   Section        0  led_display.o(i.Timer_close_led_process)
    Timer_close_led_process                  0x0001cf35   Thumb Code    52  led_display.o(i.Timer_close_led_process)
    i.UARTE0_UART0_IRQHandler                0x0001cfa4   Section        0  nrf_drv_uart.o(i.UARTE0_UART0_IRQHandler)
    i.__0printf                              0x0001cfb8   Section        0  printfa.o(i.__0printf)
    i.__scatterload_copy                     0x0001cfd8   Section       14  handlers.o(i.__scatterload_copy)
    i.__scatterload_null                     0x0001cfe6   Section        2  handlers.o(i.__scatterload_null)
    i.__scatterload_zeroinit                 0x0001cfe8   Section       14  handlers.o(i.__scatterload_zeroinit)
    i._fp_digits                             0x0001cff8   Section        0  printfa.o(i._fp_digits)
    _fp_digits                               0x0001cff9   Thumb Code   334  printfa.o(i._fp_digits)
    i._printf_core                           0x0001d15c   Section        0  printfa.o(i._printf_core)
    _printf_core                             0x0001d15d   Thumb Code  1744  printfa.o(i._printf_core)
    i._printf_post_padding                   0x0001d838   Section        0  printfa.o(i._printf_post_padding)
    _printf_post_padding                     0x0001d839   Thumb Code    36  printfa.o(i._printf_post_padding)
    i._printf_pre_padding                    0x0001d85c   Section        0  printfa.o(i._printf_pre_padding)
    _printf_pre_padding                      0x0001d85d   Thumb Code    46  printfa.o(i._printf_pre_padding)
    i.adv_data_encode                        0x0001d88a   Section        0  ble_advdata.o(i.adv_data_encode)
    i.advertising_buttons_configure          0x0001da8c   Section        0  bsp_btn_ble.o(i.advertising_buttons_configure)
    advertising_buttons_configure            0x0001da8d   Thumb Code    54  bsp_btn_ble.o(i.advertising_buttons_configure)
    i.alert_timer_handler                    0x0001dac4   Section        0  bsp.o(i.alert_timer_handler)
    alert_timer_handler                      0x0001dac5   Thumb Code    26  bsp.o(i.alert_timer_handler)
    i.app_button_enable                      0x0001dae4   Section        0  app_button.o(i.app_button_enable)
    i.app_button_init                        0x0001db08   Section        0  app_button.o(i.app_button_init)
    i.app_error_fault_handler                0x0001db78   Section        0  app_error_weak.o(i.app_error_fault_handler)
    i.app_error_handler_bare                 0x0001db9c   Section        0  app_error.o(i.app_error_handler_bare)
    i.app_fifo_get                           0x0001dbb2   Section        0  app_fifo.o(i.app_fifo_get)
    i.app_fifo_init                          0x0001dbc8   Section        0  app_fifo.o(i.app_fifo_init)
    i.app_fifo_put                           0x0001dbe8   Section        0  app_fifo.o(i.app_fifo_put)
    i.app_timer_create                       0x0001dc04   Section        0  app_timer.o(i.app_timer_create)
    i.app_timer_init                         0x0001dc28   Section        0  app_timer.o(i.app_timer_init)
    i.app_timer_start                        0x0001dcb8   Section        0  app_timer.o(i.app_timer_start)
    i.app_timer_stop                         0x0001dd38   Section        0  app_timer.o(i.app_timer_stop)
    i.app_uart_get                           0x0001dd88   Section        0  app_uart_fifo.o(i.app_uart_get)
    i.app_uart_init                          0x0001ddbc   Section        0  app_uart_fifo.o(i.app_uart_init)
    i.app_uart_put                           0x0001de60   Section        0  app_uart_fifo.o(i.app_uart_put)
    i.apply_config                           0x0001de94   Section        0  nrf_drv_uart.o(i.apply_config)
    apply_config                             0x0001de95   Thumb Code   108  nrf_drv_uart.o(i.apply_config)
    i.ble_advdata_set                        0x0001df0c   Section        0  ble_advdata.o(i.ble_advdata_set)
    i.ble_advertising_init                   0x0001df74   Section        0  ble_advertising.o(i.ble_advertising_init)
    i.ble_advertising_on_ble_evt             0x0001e090   Section        0  ble_advertising.o(i.ble_advertising_on_ble_evt)
    i.ble_advertising_peer_address_clear     0x0001e110   Section        0  ble_advertising.o(i.ble_advertising_peer_address_clear)
    ble_advertising_peer_address_clear       0x0001e111   Thumb Code    12  ble_advertising.o(i.ble_advertising_peer_address_clear)
    i.ble_advertising_restart_without_whitelist 0x0001e120   Section        0  ble_advertising.o(i.ble_advertising_restart_without_whitelist)
    i.ble_advertising_start                  0x0001e170   Section        0  ble_advertising.o(i.ble_advertising_start)
    i.ble_conn_params_init                   0x0001e350   Section        0  ble_conn_params.o(i.ble_conn_params_init)
    i.ble_conn_params_on_ble_evt             0x0001e3a8   Section        0  ble_conn_params.o(i.ble_conn_params_on_ble_evt)
    i.ble_device_addr_encode                 0x0001e42c   Section        0  ble_advdata.o(i.ble_device_addr_encode)
    ble_device_addr_encode                   0x0001e42d   Thumb Code    94  ble_advdata.o(i.ble_device_addr_encode)
    i.ble_evt_dispatch                       0x0001e48c   Section        0  main.o(i.ble_evt_dispatch)
    ble_evt_dispatch                         0x0001e48d   Thumb Code    38  main.o(i.ble_evt_dispatch)
    i.ble_nus_init                           0x0001e4b8   Section        0  ble_nus.o(i.ble_nus_init)
    i.ble_nus_on_ble_evt                     0x0001e51c   Section        0  ble_nus.o(i.ble_nus_on_ble_evt)
    i.ble_nus_string_send                    0x0001e56e   Section        0  ble_nus.o(i.ble_nus_string_send)
    i.ble_stack_init                         0x0001e5bc   Section        0  main.o(i.ble_stack_init)
    ble_stack_init                           0x0001e5bd   Thumb Code    86  main.o(i.ble_stack_init)
    i.bsp_btn_ble_init                       0x0001e624   Section        0  bsp_btn_ble.o(i.bsp_btn_ble_init)
    i.bsp_btn_ble_on_ble_evt                 0x0001e670   Section        0  bsp_btn_ble.o(i.bsp_btn_ble_on_ble_evt)
    i.bsp_btn_ble_sleep_mode_prepare         0x0001e6e0   Section        0  bsp_btn_ble.o(i.bsp_btn_ble_sleep_mode_prepare)
    i.bsp_button_event_handler               0x0001e6f4   Section        0  bsp.o(i.bsp_button_event_handler)
    bsp_button_event_handler                 0x0001e6f5   Thumb Code   154  bsp.o(i.bsp_button_event_handler)
    i.bsp_button_is_pressed                  0x0001e79c   Section        0  bsp.o(i.bsp_button_is_pressed)
    i.bsp_event_handler                      0x0001e7c8   Section        0  main.o(i.bsp_event_handler)
    i.bsp_event_to_button_action_assign      0x0001e804   Section        0  bsp.o(i.bsp_event_to_button_action_assign)
    i.bsp_indication_set                     0x0001e848   Section        0  bsp.o(i.bsp_indication_set)
    i.bsp_init                               0x0001e860   Section        0  bsp.o(i.bsp_init)
    i.bsp_led_indication                     0x0001e904   Section        0  bsp.o(i.bsp_led_indication)
    bsp_led_indication                       0x0001e905   Thumb Code   536  bsp.o(i.bsp_led_indication)
    i.bsp_wakeup_buttons_set                 0x0001eb28   Section        0  bsp.o(i.bsp_wakeup_buttons_set)
    i.button_timer_handler                   0x0001eb64   Section        0  bsp.o(i.button_timer_handler)
    button_timer_handler                     0x0001eb65   Thumb Code     8  bsp.o(i.button_timer_handler)
    i.channel_free                           0x0001eb6c   Section        0  nrf_drv_gpiote.o(i.channel_free)
    channel_free                             0x0001eb6d   Thumb Code    22  nrf_drv_gpiote.o(i.channel_free)
    i.channel_port_alloc                     0x0001eb88   Section        0  nrf_drv_gpiote.o(i.channel_port_alloc)
    channel_port_alloc                       0x0001eb89   Thumb Code    66  nrf_drv_gpiote.o(i.channel_port_alloc)
    i.channel_port_get                       0x0001ebd0   Section        0  nrf_drv_gpiote.o(i.channel_port_get)
    channel_port_get                         0x0001ebd1   Thumb Code    10  nrf_drv_gpiote.o(i.channel_port_get)
    i.compare_reg_update                     0x0001ebe0   Section        0  app_timer.o(i.compare_reg_update)
    compare_reg_update                       0x0001ebe1   Thumb Code   160  app_timer.o(i.compare_reg_update)
    i.conn_int_encode                        0x0001ec8c   Section        0  ble_advdata.o(i.conn_int_encode)
    conn_int_encode                          0x0001ec8d   Thumb Code   136  ble_advdata.o(i.conn_int_encode)
    i.conn_params_error_handler              0x0001ed14   Section        0  main.o(i.conn_params_error_handler)
    conn_params_error_handler                0x0001ed15   Thumb Code     4  main.o(i.conn_params_error_handler)
    i.conn_params_negotiation                0x0001ed18   Section        0  ble_conn_params.o(i.conn_params_negotiation)
    conn_params_negotiation                  0x0001ed19   Thumb Code    78  ble_conn_params.o(i.conn_params_negotiation)
    i.detection_delay_timeout_handler        0x0001ed74   Section        0  app_button.o(i.detection_delay_timeout_handler)
    detection_delay_timeout_handler          0x0001ed75   Thumb Code    92  app_button.o(i.detection_delay_timeout_handler)
    i.display_one_frame                      0x0001edd4   Section        0  led_display.o(i.display_one_frame)
    display_one_frame                        0x0001edd5   Thumb Code   322  led_display.o(i.display_one_frame)
    i.elapsed_ticks_acquire                  0x0001ef20   Section        0  app_timer.o(i.elapsed_ticks_acquire)
    elapsed_ticks_acquire                    0x0001ef21   Thumb Code    58  app_timer.o(i.elapsed_ticks_acquire)
    i.fifo_get                               0x0001ef60   Section        0  app_fifo.o(i.fifo_get)
    fifo_get                                 0x0001ef61   Thumb Code    20  app_fifo.o(i.fifo_get)
    i.fifo_put                               0x0001ef74   Section        0  app_fifo.o(i.fifo_put)
    fifo_put                                 0x0001ef75   Thumb Code    18  app_fifo.o(i.fifo_put)
    i.fputc                                  0x0001ef86   Section        0  retarget.o(i.fputc)
    i.fs_queued_op_count_get                 0x0001ef94   Section        0  fstorage.o(i.fs_queued_op_count_get)
    i.gpiote_event_handler                   0x0001efa8   Section        0  app_button.o(i.gpiote_event_handler)
    gpiote_event_handler                     0x0001efa9   Thumb Code    78  app_button.o(i.gpiote_event_handler)
    i.intern_softdevice_events_execute       0x0001f000   Section        0  softdevice_handler.o(i.intern_softdevice_events_execute)
    i.is_conn_params_ok                      0x0001f070   Section        0  ble_conn_params.o(i.is_conn_params_ok)
    is_conn_params_ok                        0x0001f071   Thumb Code    24  ble_conn_params.o(i.is_conn_params_ok)
    i.le_role_encode                         0x0001f08c   Section        0  ble_advdata.o(i.le_role_encode)
    le_role_encode                           0x0001f08d   Thumb Code    84  ble_advdata.o(i.le_role_encode)
    i.led_init                               0x0001f0e0   Section        0  led_display.o(i.led_init)
    i.leds_timer_handler                     0x0001f15c   Section        0  bsp.o(i.leds_timer_handler)
    leds_timer_handler                       0x0001f15d   Thumb Code    16  bsp.o(i.leds_timer_handler)
    i.list_deletions_handler                 0x0001f170   Section        0  app_timer.o(i.list_deletions_handler)
    list_deletions_handler                   0x0001f171   Thumb Code   178  app_timer.o(i.list_deletions_handler)
    i.list_insertions_handler                0x0001f22c   Section        0  app_timer.o(i.list_insertions_handler)
    list_insertions_handler                  0x0001f22d   Thumb Code   196  app_timer.o(i.list_insertions_handler)
    i.main                                   0x0001f2f8   Section        0  main.o(i.main)
    i.manuf_specific_data_encode             0x0001f4e0   Section        0  ble_advdata.o(i.manuf_specific_data_encode)
    manuf_specific_data_encode               0x0001f4e1   Thumb Code   100  ble_advdata.o(i.manuf_specific_data_encode)
    i.name_encode                            0x0001f544   Section        0  ble_advdata.o(i.name_encode)
    name_encode                              0x0001f545   Thumb Code   156  ble_advdata.o(i.name_encode)
    i.nrf_drv_common_irq_enable              0x0001f5e0   Section        0  nrf_drv_common.o(i.nrf_drv_common_irq_enable)
    i.nrf_drv_gpiote_in_event_enable         0x0001f618   Section        0  nrf_drv_gpiote.o(i.nrf_drv_gpiote_in_event_enable)
    i.nrf_drv_gpiote_in_init                 0x0001f6bc   Section        0  nrf_drv_gpiote.o(i.nrf_drv_gpiote_in_init)
    i.nrf_drv_gpiote_in_is_set               0x0001f774   Section        0  nrf_drv_gpiote.o(i.nrf_drv_gpiote_in_is_set)
    i.nrf_drv_gpiote_init                    0x0001f788   Section        0  nrf_drv_gpiote.o(i.nrf_drv_gpiote_init)
    i.nrf_drv_gpiote_is_init                 0x0001f7dc   Section        0  nrf_drv_gpiote.o(i.nrf_drv_gpiote_is_init)
    i.nrf_drv_uart_init                      0x0001f7f0   Section        0  nrf_drv_uart.o(i.nrf_drv_uart_init)
    i.nrf_drv_uart_rx                        0x0001f884   Section        0  nrf_drv_uart.o(i.nrf_drv_uart_rx)
    i.nrf_drv_uart_rx_enable                 0x0001f910   Section        0  nrf_drv_uart.o(i.nrf_drv_uart_rx_enable)
    i.nrf_drv_uart_rx_for_uart               0x0001f930   Section        0  nrf_drv_uart.o(i.nrf_drv_uart_rx_for_uart)
    nrf_drv_uart_rx_for_uart                 0x0001f931   Thumb Code   148  nrf_drv_uart.o(i.nrf_drv_uart_rx_for_uart)
    i.nrf_drv_uart_rx_for_uarte              0x0001f9cc   Section        0  nrf_drv_uart.o(i.nrf_drv_uart_rx_for_uarte)
    nrf_drv_uart_rx_for_uarte                0x0001f9cd   Thumb Code   136  nrf_drv_uart.o(i.nrf_drv_uart_rx_for_uarte)
    i.nrf_drv_uart_tx                        0x0001fa5c   Section        0  nrf_drv_uart.o(i.nrf_drv_uart_tx)
    i.nrf_drv_uart_tx_for_uart               0x0001faec   Section        0  nrf_drv_uart.o(i.nrf_drv_uart_tx_for_uart)
    nrf_drv_uart_tx_for_uart                 0x0001faed   Thumb Code   118  nrf_drv_uart.o(i.nrf_drv_uart_tx_for_uart)
    i.nrf_drv_uart_tx_in_progress            0x0001fb6c   Section        0  nrf_drv_uart.o(i.nrf_drv_uart_tx_in_progress)
    i.nrf_gpio_cfg                           0x0001fb7c   Section        0  nrf_drv_gpiote.o(i.nrf_gpio_cfg)
    nrf_gpio_cfg                             0x0001fb7d   Thumb Code    34  nrf_drv_gpiote.o(i.nrf_gpio_cfg)
    i.nrf_gpio_cfg                           0x0001fb9e   Section        0  nrf_drv_uart.o(i.nrf_gpio_cfg)
    nrf_gpio_cfg                             0x0001fb9f   Thumb Code    34  nrf_drv_uart.o(i.nrf_gpio_cfg)
    i.nrf_gpio_cfg_input                     0x0001fbc0   Section        0  nrf_drv_uart.o(i.nrf_gpio_cfg_input)
    nrf_gpio_cfg_input                       0x0001fbc1   Thumb Code    18  nrf_drv_uart.o(i.nrf_gpio_cfg_input)
    i.nrf_gpio_cfg_output                    0x0001fbd2   Section        0  led_display.o(i.nrf_gpio_cfg_output)
    nrf_gpio_cfg_output                      0x0001fbd3   Thumb Code    14  led_display.o(i.nrf_gpio_cfg_output)
    i.nrf_gpio_cfg_output                    0x0001fbe0   Section        0  nrf_drv_uart.o(i.nrf_gpio_cfg_output)
    nrf_gpio_cfg_output                      0x0001fbe1   Thumb Code    20  nrf_drv_uart.o(i.nrf_gpio_cfg_output)
    i.nrf_gpio_cfg_sense_set                 0x0001fbf4   Section        0  nrf_drv_gpiote.o(i.nrf_gpio_cfg_sense_set)
    nrf_gpio_cfg_sense_set                   0x0001fbf5   Thumb Code    28  nrf_drv_gpiote.o(i.nrf_gpio_cfg_sense_set)
    i.nrf_gpio_pin_clear                     0x0001fc10   Section        0  led_display.o(i.nrf_gpio_pin_clear)
    nrf_gpio_pin_clear                       0x0001fc11   Thumb Code    10  led_display.o(i.nrf_gpio_pin_clear)
    i.nrf_gpio_pin_set                       0x0001fc20   Section        0  led_display.o(i.nrf_gpio_pin_set)
    nrf_gpio_pin_set                         0x0001fc21   Thumb Code    10  led_display.o(i.nrf_gpio_pin_set)
    i.nrf_gpiote_event_clear                 0x0001fc30   Section        0  nrf_drv_gpiote.o(i.nrf_gpiote_event_clear)
    nrf_gpiote_event_clear                   0x0001fc31   Thumb Code    16  nrf_drv_gpiote.o(i.nrf_gpiote_event_clear)
    i.nrf_gpiote_event_is_set                0x0001fc44   Section        0  nrf_drv_gpiote.o(i.nrf_gpiote_event_is_set)
    nrf_gpiote_event_is_set                  0x0001fc45   Thumb Code    12  nrf_drv_gpiote.o(i.nrf_gpiote_event_is_set)
    i.nrf_uart_event_check                   0x0001fc54   Section        0  nrf_drv_uart.o(i.nrf_uart_event_check)
    nrf_uart_event_check                     0x0001fc55   Thumb Code    10  nrf_drv_uart.o(i.nrf_uart_event_check)
    i.nrf_uart_int_enable_check              0x0001fc5e   Section        0  nrf_drv_uart.o(i.nrf_uart_int_enable_check)
    nrf_uart_int_enable_check                0x0001fc5f   Thumb Code    12  nrf_drv_uart.o(i.nrf_uart_int_enable_check)
    i.nrf_uarte_event_check                  0x0001fc6a   Section        0  nrf_drv_uart.o(i.nrf_uarte_event_check)
    nrf_uarte_event_check                    0x0001fc6b   Thumb Code    10  nrf_drv_uart.o(i.nrf_uarte_event_check)
    i.nus_data_handler                       0x0001fc74   Section        0  main.o(i.nus_data_handler)
    nus_data_handler                         0x0001fc75   Thumb Code    38  main.o(i.nus_data_handler)
    i.on_adv_evt                             0x0001fc9a   Section        0  main.o(i.on_adv_evt)
    on_adv_evt                               0x0001fc9b   Thumb Code    36  main.o(i.on_adv_evt)
    i.on_ble_evt                             0x0001fcc0   Section        0  main.o(i.on_ble_evt)
    on_ble_evt                               0x0001fcc1   Thumb Code    94  main.o(i.on_ble_evt)
    i.on_conn_params_evt                     0x0001fd24   Section        0  main.o(i.on_conn_params_evt)
    on_conn_params_evt                       0x0001fd25   Thumb Code    24  main.o(i.on_conn_params_evt)
    i.peer_address_exists                    0x0001fd40   Section        0  ble_advertising.o(i.peer_address_exists)
    peer_address_exists                      0x0001fd41   Thumb Code    20  ble_advertising.o(i.peer_address_exists)
    i.pin_in_use_by_port                     0x0001fd54   Section        0  nrf_drv_gpiote.o(i.pin_in_use_by_port)
    pin_in_use_by_port                       0x0001fd55   Thumb Code    20  nrf_drv_gpiote.o(i.pin_in_use_by_port)
    i.pin_in_use_by_te                       0x0001fd6c   Section        0  nrf_drv_gpiote.o(i.pin_in_use_by_te)
    pin_in_use_by_te                         0x0001fd6d   Thumb Code    20  nrf_drv_gpiote.o(i.pin_in_use_by_te)
    i.pstorage_access_status_get             0x0001fd84   Section        0  pstorage.o(i.pstorage_access_status_get)
    i.rtc1_stop                              0x0001fda8   Section        0  app_timer.o(i.rtc1_stop)
    rtc1_stop                                0x0001fda9   Thumb Code    52  app_timer.o(i.rtc1_stop)
    i.rx_byte                                0x0001fde4   Section        0  nrf_drv_uart.o(i.rx_byte)
    rx_byte                                  0x0001fde5   Thumb Code    38  nrf_drv_uart.o(i.rx_byte)
    i.rx_char_add                            0x0001fe14   Section        0  ble_nus.o(i.rx_char_add)
    rx_char_add                              0x0001fe15   Thumb Code   220  ble_nus.o(i.rx_char_add)
    i.rx_done_event                          0x0001fef0   Section        0  nrf_drv_uart.o(i.rx_done_event)
    rx_done_event                            0x0001fef1   Thumb Code    26  nrf_drv_uart.o(i.rx_done_event)
    i.rx_enable                              0x0001ff10   Section        0  nrf_drv_uart.o(i.rx_enable)
    rx_enable                                0x0001ff11   Thumb Code    18  nrf_drv_uart.o(i.rx_enable)
    i.sd_check_ram_start                     0x0001ff28   Section        0  softdevice_handler.o(i.sd_check_ram_start)
    i.sd_nvic_EnableIRQ                      0x0001ff38   Section        0  softdevice_handler.o(i.sd_nvic_EnableIRQ)
    sd_nvic_EnableIRQ                        0x0001ff39   Thumb Code   128  softdevice_handler.o(i.sd_nvic_EnableIRQ)
    i.service_data_encode                    0x0001ffc0   Section        0  ble_advdata.o(i.service_data_encode)
    service_data_encode                      0x0001ffc1   Thumb Code   136  ble_advdata.o(i.service_data_encode)
    i.sleep_mode_enter                       0x00020048   Section        0  main.o(i.sleep_mode_enter)
    sleep_mode_enter                         0x00020049   Thumb Code    40  main.o(i.sleep_mode_enter)
    i.softdevice_ble_evt_handler_set         0x00020070   Section        0  softdevice_handler.o(i.softdevice_ble_evt_handler_set)
    i.softdevice_enable                      0x00020084   Section        0  softdevice_handler.o(i.softdevice_enable)
    i.softdevice_enable_get_default_config   0x00020098   Section        0  softdevice_handler.o(i.softdevice_enable_get_default_config)
    i.softdevice_fault_handler               0x000200be   Section        0  softdevice_handler.o(i.softdevice_fault_handler)
    i.softdevice_handler_init                0x000200c4   Section        0  softdevice_handler.o(i.softdevice_handler_init)
    i.timer_list_handler                     0x000200f8   Section        0  app_timer.o(i.timer_list_handler)
    timer_list_handler                       0x000200f9   Thumb Code   134  app_timer.o(i.timer_list_handler)
    i.timer_list_insert                      0x00020184   Section        0  app_timer.o(i.timer_list_insert)
    timer_list_insert                        0x00020185   Thumb Code    56  app_timer.o(i.timer_list_insert)
    i.timer_timeouts_check                   0x000201c0   Section        0  app_timer.o(i.timer_timeouts_check)
    timer_timeouts_check                     0x000201c1   Thumb Code   124  app_timer.o(i.timer_timeouts_check)
    i.turn_off_led                           0x00020244   Section        0  led_display.o(i.turn_off_led)
    turn_off_led                             0x00020245   Thumb Code   216  led_display.o(i.turn_off_led)
    i.tx_byte                                0x00020320   Section        0  nrf_drv_uart.o(i.tx_byte)
    tx_byte                                  0x00020321   Thumb Code    28  nrf_drv_uart.o(i.tx_byte)
    i.tx_char_add                            0x00020344   Section        0  ble_nus.o(i.tx_char_add)
    tx_char_add                              0x00020345   Thumb Code   160  ble_nus.o(i.tx_char_add)
    i.tx_done_event                          0x000203e4   Section        0  nrf_drv_uart.o(i.tx_done_event)
    tx_done_event                            0x000203e5   Thumb Code    30  nrf_drv_uart.o(i.tx_done_event)
    i.uart_event_handle                      0x00020408   Section        0  main.o(i.uart_event_handle)
    i.uart_event_handler                     0x00020464   Section        0  app_uart_fifo.o(i.uart_event_handler)
    uart_event_handler                       0x00020465   Thumb Code   160  app_uart_fifo.o(i.uart_event_handler)
    i.uart_irq_handler                       0x0002050c   Section        0  nrf_drv_uart.o(i.uart_irq_handler)
    uart_irq_handler                         0x0002050d   Thumb Code   254  nrf_drv_uart.o(i.uart_irq_handler)
    i.uarte_irq_handler                      0x00020614   Section        0  nrf_drv_uart.o(i.uarte_irq_handler)
    uarte_irq_handler                        0x00020615   Thumb Code   206  nrf_drv_uart.o(i.uarte_irq_handler)
    i.uint16_encode                          0x000206ec   Section        0  ble_advdata.o(i.uint16_encode)
    uint16_encode                            0x000206ed   Thumb Code    10  ble_advdata.o(i.uint16_encode)
    i.update_timeout_handler                 0x000206f8   Section        0  ble_conn_params.o(i.update_timeout_handler)
    update_timeout_handler                   0x000206f9   Thumb Code    88  ble_conn_params.o(i.update_timeout_handler)
    i.user_id_get                            0x00020758   Section        0  app_timer.o(i.user_id_get)
    user_id_get                              0x00020759   Thumb Code    62  app_timer.o(i.user_id_get)
    i.user_op_alloc                          0x00020796   Section        0  app_timer.o(i.user_op_alloc)
    user_op_alloc                            0x00020797   Thumb Code    40  app_timer.o(i.user_op_alloc)
    i.uuid_list_encode                       0x000207be   Section        0  ble_advdata.o(i.uuid_list_encode)
    uuid_list_encode                         0x000207bf   Thumb Code    48  ble_advdata.o(i.uuid_list_encode)
    i.uuid_list_sized_encode                 0x000207ee   Section        0  ble_advdata.o(i.uuid_list_sized_encode)
    uuid_list_sized_encode                   0x000207ef   Thumb Code   158  ble_advdata.o(i.uuid_list_sized_encode)
    i.whitelist_has_entries                  0x0002088c   Section        0  ble_advertising.o(i.whitelist_has_entries)
    whitelist_has_entries                    0x0002088d   Thumb Code    14  ble_advertising.o(i.whitelist_has_entries)
    .constdata                               0x0002089c   Section       16  main.o(.constdata)
    .constdata                               0x000208ac   Section      688  led_display.o(.constdata)
    m_led_frame_change_id                    0x000208ac   Data           4  led_display.o(.constdata)
    m_close_led_id                           0x000208b0   Data           4  led_display.o(.constdata)
    .constdata                               0x00020b5c   Section       60  bsp.o(.constdata)
    m_leds_timer_id                          0x00020b5c   Data           4  bsp.o(.constdata)
    m_alert_timer_id                         0x00020b60   Data           4  bsp.o(.constdata)
    m_button_timer_id                        0x00020b64   Data           4  bsp.o(.constdata)
    m_buttons_list                           0x00020b68   Data          16  bsp.o(.constdata)
    app_buttons                              0x00020b78   Data          32  bsp.o(.constdata)
    .constdata                               0x00020b98   Section        4  ble_conn_params.o(.constdata)
    m_conn_params_timer_id                   0x00020b98   Data           4  ble_conn_params.o(.constdata)
    .constdata                               0x00020b9c   Section       16  ble_nus.o(.constdata)
    .constdata                               0x00020bac   Section       32  app_uart_fifo.o(.constdata)
    .constdata                               0x00020bcc   Section       32  nrf_drv_uart.o(.constdata)
    m_default_config                         0x00020bcc   Data          32  nrf_drv_uart.o(.constdata)
    .constdata                               0x00020bec   Section        8  app_button.o(.constdata)
    m_detection_delay_timer_id               0x00020bec   Data           4  app_button.o(.constdata)
    .data                                    0x20002080   Section        8  main.o(.data)
    index                                    0x20002080   Data           1  main.o(.data)
    m_conn_handle                            0x20002082   Data           2  main.o(.data)
    m_adv_uuids                              0x20002084   Data           4  main.o(.data)
    .data                                    0x20002088   Section       24  led_display.o(.data)
    led_change_num                           0x2000208c   Data           2  led_display.o(.data)
    led_close_num                            0x2000208e   Data           2  led_display.o(.data)
    .data                                    0x200020a0   Section       24  bsp.o(.data)
    m_stable_state                           0x200020a0   Data           1  bsp.o(.data)
    current_long_push_pin_no                 0x200020a1   Data           1  bsp.o(.data)
    m_app_ticks_per_100ms                    0x200020a4   Data           4  bsp.o(.data)
    m_indication_type                        0x200020a8   Data           4  bsp.o(.data)
    m_alert_mask                             0x200020ac   Data           4  bsp.o(.data)
    m_registered_callback                    0x200020b0   Data           4  bsp.o(.data)
    release_event_at_push                    0x200020b4   Data           4  bsp.o(.data)
    .data                                    0x200020b8   Section        8  bsp_btn_ble.o(.data)
    m_error_handler                          0x200020b8   Data           4  bsp_btn_ble.o(.data)
    m_num_connections                        0x200020bc   Data           4  bsp_btn_ble.o(.data)
    .data                                    0x200020c0   Section       31  ble_advertising.o(.data)
    m_advertising_start_pending              0x200020c0   Data           1  ble_advertising.o(.data)
    m_whitelist_temporarily_disabled         0x200020c1   Data           1  ble_advertising.o(.data)
    m_whitelist_reply_expected               0x200020c2   Data           1  ble_advertising.o(.data)
    m_peer_addr_reply_expected               0x200020c3   Data           1  ble_advertising.o(.data)
    m_adv_evt                                0x200020c4   Data           1  ble_advertising.o(.data)
    m_adv_mode_current                       0x200020c5   Data           1  ble_advertising.o(.data)
    m_tx_power_level                         0x200020c6   Data           1  ble_advertising.o(.data)
    current_slave_link_conn_handle           0x200020c8   Data           2  ble_advertising.o(.data)
    m_evt_handler                            0x200020cc   Data           4  ble_advertising.o(.data)
    m_error_handler                          0x200020d0   Data           4  ble_advertising.o(.data)
    m_slave_conn_int                         0x200020d4   Data           4  ble_advertising.o(.data)
    m_peer_address                           0x200020d8   Data           7  ble_advertising.o(.data)
    .data                                    0x200020e0   Section       20  ble_conn_params.o(.data)
    m_change_param                           0x200020e0   Data           1  ble_conn_params.o(.data)
    m_update_count                           0x200020e1   Data           1  ble_conn_params.o(.data)
    m_conn_handle                            0x200020e2   Data           2  ble_conn_params.o(.data)
    m_preferred_conn_params                  0x200020e4   Data           8  ble_conn_params.o(.data)
    m_current_conn_params                    0x200020ec   Data           8  ble_conn_params.o(.data)
    .data                                    0x200020f4   Section        8  app_uart_fifo.o(.data)
    tx_buffer                                0x200020f4   Data           1  app_uart_fifo.o(.data)
    rx_buffer                                0x200020f5   Data           1  app_uart_fifo.o(.data)
    m_event_handler                          0x200020f8   Data           4  app_uart_fifo.o(.data)
    .data                                    0x200020fc   Section       36  pstorage.o(.data)
    m_state                                  0x200020fc   Data           1  pstorage.o(.data)
    m_swap_sub_state                         0x200020fd   Data           1  pstorage.o(.data)
    m_next_app_instance                      0x200020fe   Data           2  pstorage.o(.data)
    m_flags                                  0x20002100   Data           4  pstorage.o(.data)
    m_next_page_addr                         0x20002104   Data           4  pstorage.o(.data)
    m_head_word_size                         0x20002108   Data           4  pstorage.o(.data)
    m_tail_word_size                         0x2000210c   Data           4  pstorage.o(.data)
    m_current_page_id                        0x20002110   Data           4  pstorage.o(.data)
    m_num_of_command_retries                 0x20002114   Data           4  pstorage.o(.data)
    m_num_of_bytes_written                   0x20002118   Data           4  pstorage.o(.data)
    m_app_data_size                          0x2000211c   Data           4  pstorage.o(.data)
    .data                                    0x20002120   Section       20  app_button.o(.data)
    m_button_count                           0x20002120   Data           1  app_button.o(.data)
    mp_buttons                               0x20002124   Data           4  app_button.o(.data)
    m_detection_delay                        0x20002128   Data           4  app_button.o(.data)
    m_pin_state                              0x2000212c   Data           4  app_button.o(.data)
    m_pin_transition                         0x20002130   Data           4  app_button.o(.data)
    .data                                    0x20002134   Section       32  app_timer.o(.data)
    m_user_array_size                        0x20002134   Data           1  app_timer.o(.data)
    m_ticks_elapsed_q_read_ind               0x20002135   Data           1  app_timer.o(.data)
    m_ticks_elapsed_q_write_ind              0x20002136   Data           1  app_timer.o(.data)
    m_rtc1_running                           0x20002137   Data           1  app_timer.o(.data)
    m_rtc1_reset                             0x20002138   Data           1  app_timer.o(.data)
    mp_users                                 0x2000213c   Data           4  app_timer.o(.data)
    mp_timer_id_head                         0x20002140   Data           4  app_timer.o(.data)
    m_ticks_latest                           0x20002144   Data           4  app_timer.o(.data)
    m_evt_schedule_func                      0x20002148   Data           4  app_timer.o(.data)
    m_ticks_elapsed                          0x2000214c   Data           8  app_timer.o(.data)
    .data                                    0x20002154   Section        4  retarget.o(.data)
    .data                                    0x20002158   Section       20  softdevice_handler.o(.data)
    m_softdevice_enabled                     0x20002158   Data           1  softdevice_handler.o(.data)
    m_ble_evt_buffer_size                    0x2000215a   Data           2  softdevice_handler.o(.data)
    m_evt_schedule_func                      0x2000215c   Data           4  softdevice_handler.o(.data)
    mp_ble_evt_buffer                        0x20002160   Data           4  softdevice_handler.o(.data)
    m_ble_evt_handler                        0x20002164   Data           4  softdevice_handler.o(.data)
    m_sys_evt_handler                        0x20002168   Data           4  softdevice_handler.o(.data)
    .data                                    0x2000216c   Section        4  system_nrf52.o(.data)
    __tagsym$$used                           0x2000216c   Number         0  system_nrf52.o(.data)
    .bss                                     0x20002170   Section     1088  main.o(.bss)
    BLE_EVT_BUFFER                           0x20002170   Data          72  main.o(.bss)
    data_array                               0x200021b8   Data          20  main.o(.bss)
    rx_buf                                   0x200021cc   Data         256  main.o(.bss)
    tx_buf                                   0x200022cc   Data         256  main.o(.bss)
    APP_TIMER_BUF                            0x200023cc   Data         456  main.o(.bss)
    m_nus                                    0x20002594   Data          28  main.o(.bss)
    .bss                                     0x200025b0   Section       32  led_display.o(.bss)
    m_led_frame_change_id_data               0x200025b0   Data          32  led_display.o(.bss)
    .bss                                     0x200025d0   Section       32  led_display.o(.bss)
    m_close_led_id_data                      0x200025d0   Data          32  led_display.o(.bss)
    .bss                                     0x200025f0   Section       32  led_display.o(.bss)
    .bss                                     0x20002610   Section       32  bsp.o(.bss)
    m_leds_timer_id_data                     0x20002610   Data          32  bsp.o(.bss)
    .bss                                     0x20002630   Section       32  bsp.o(.bss)
    m_alert_timer_id_data                    0x20002630   Data          32  bsp.o(.bss)
    .bss                                     0x20002650   Section       12  bsp.o(.bss)
    m_events_list                            0x20002650   Data          12  bsp.o(.bss)
    .bss                                     0x2000265c   Section       32  bsp.o(.bss)
    m_button_timer_id_data                   0x2000265c   Data          32  bsp.o(.bss)
    .bss                                     0x2000267c   Section      259  ble_advertising.o(.bss)
    m_advdata                                0x2000267c   Data          56  ble_advertising.o(.bss)
    m_adv_modes_config                       0x200026b4   Data          36  ble_advertising.o(.bss)
    m_whitelist                              0x200026d8   Data          16  ble_advertising.o(.bss)
    mp_whitelist_addr                        0x200026e8   Data          32  ble_advertising.o(.bss)
    mp_whitelist_irk                         0x20002708   Data          32  ble_advertising.o(.bss)
    m_manuf_specific_data                    0x20002728   Data          12  ble_advertising.o(.bss)
    m_manuf_data_array                       0x20002734   Data          31  ble_advertising.o(.bss)
    m_service_data                           0x20002754   Data          12  ble_advertising.o(.bss)
    m_service_data_array                     0x20002760   Data          31  ble_advertising.o(.bss)
    .bss                                     0x20002780   Section       32  ble_conn_params.o(.bss)
    m_conn_params_timer_id_data              0x20002780   Data          32  ble_conn_params.o(.bss)
    .bss                                     0x200027a0   Section       28  ble_conn_params.o(.bss)
    m_conn_params_config                     0x200027a0   Data          28  ble_conn_params.o(.bss)
    .bss                                     0x200027bc   Section       32  app_uart_fifo.o(.bss)
    m_rx_fifo                                0x200027bc   Data          16  app_uart_fifo.o(.bss)
    m_tx_fifo                                0x200027cc   Data          16  app_uart_fifo.o(.bss)
    .bss                                     0x200027dc   Section       88  nrf_drv_gpiote.o(.bss)
    m_cb                                     0x200027dc   Data          88  nrf_drv_gpiote.o(.bss)
    .bss                                     0x20002834   Section       32  nrf_drv_uart.o(.bss)
    m_cb                                     0x20002834   Data          32  nrf_drv_uart.o(.bss)
    .bss                                     0x20002854   Section      216  pstorage.o(.bss)
    m_cmd_queue                              0x20002854   Data         204  pstorage.o(.bss)
    m_app_table                              0x20002920   Data          12  pstorage.o(.bss)
    .bss                                     0x2000292c   Section       32  app_button.o(.bss)
    m_detection_delay_timer_id_data          0x2000292c   Data          32  app_button.o(.bss)
    .bss                                     0x2000294c   Section       88  fstorage.o(.bss)
    m_queue                                  0x2000294c   Data          88  fstorage.o(.bss)
    .bss                                     0x200029a4   Section       12  softdevice_handler.o(.bss)
    STACK                                    0x200029b0   Section     8192  arm_startup_nrf52.o(STACK)

    Global Symbols

    Symbol Name                              Value     Ov Type        Size  Object(Section)

    BuildAttributes$$THM_ISAv4$E$P$D$K$B$S$7EM$VFPi3$EXTD16$VFPS$VFMA$PE$A:L22UL41UL21$X:L11$S22US41US21$IEEE1$IW$USESV6$~STKCKD$USESV7$~SHL$OSPACE$ROPI$EBA8$MICROLIB$REQ8$PRES8$EABIv2 0x00000000   Number         0  anon$$obj.o ABSOLUTE
    __ARM_use_no_argv                        0x00000000   Number         0  main.o ABSOLUTE
    __cpp_initialize__aeabi_                  - Undefined Weak Reference
    __cxa_finalize                            - Undefined Weak Reference
    __decompress                              - Undefined Weak Reference
    _clock_init                               - Undefined Weak Reference
    _microlib_exit                            - Undefined Weak Reference
    fs_data$$Base                             - Undefined Reference
    fs_data$$Limit                            - Undefined Reference
    __Vectors_Size                           0x00000400   Number         0  arm_startup_nrf52.o ABSOLUTE
    __Vectors                                0x0001c000   Data           4  arm_startup_nrf52.o(RESET)
    __Vectors_End                            0x0001c400   Data           0  arm_startup_nrf52.o(RESET)
    __main                                   0x0001c401   Thumb Code     0  entry.o(.ARM.Collect$$$$00000000)
    _main_stk                                0x0001c401   Thumb Code     0  entry2.o(.ARM.Collect$$$$00000001)
    _main_scatterload                        0x0001c405   Thumb Code     0  entry5.o(.ARM.Collect$$$$00000004)
    __main_after_scatterload                 0x0001c409   Thumb Code     0  entry5.o(.ARM.Collect$$$$00000004)
    _main_clock                              0x0001c409   Thumb Code     0  entry7b.o(.ARM.Collect$$$$00000008)
    _main_cpp_init                           0x0001c409   Thumb Code     0  entry8b.o(.ARM.Collect$$$$0000000A)
    _main_init                               0x0001c409   Thumb Code     0  entry9a.o(.ARM.Collect$$$$0000000B)
    __rt_final_cpp                           0x0001c411   Thumb Code     0  entry10a.o(.ARM.Collect$$$$0000000D)
    __rt_final_exit                          0x0001c411   Thumb Code     0  entry11a.o(.ARM.Collect$$$$0000000F)
    __asm___11_app_timer_c_cd27f9c3__nrf_delay_us 0x0001c415   Thumb Code   118  app_timer.o(.emb_text)
    Reset_Handler                            0x0001c48d   Thumb Code     8  arm_startup_nrf52.o(.text)
    NMI_Handler                              0x0001c495   Thumb Code     2  arm_startup_nrf52.o(.text)
    HardFault_Handler                        0x0001c497   Thumb Code     2  arm_startup_nrf52.o(.text)
    MemoryManagement_Handler                 0x0001c499   Thumb Code     2  arm_startup_nrf52.o(.text)
    BusFault_Handler                         0x0001c49b   Thumb Code     2  arm_startup_nrf52.o(.text)
    UsageFault_Handler                       0x0001c49d   Thumb Code     2  arm_startup_nrf52.o(.text)
    SVC_Handler                              0x0001c49f   Thumb Code     2  arm_startup_nrf52.o(.text)
    DebugMonitor_Handler                     0x0001c4a1   Thumb Code     2  arm_startup_nrf52.o(.text)
    PendSV_Handler                           0x0001c4a3   Thumb Code     2  arm_startup_nrf52.o(.text)
    SysTick_Handler                          0x0001c4a5   Thumb Code     2  arm_startup_nrf52.o(.text)
    CCM_AAR_IRQHandler                       0x0001c4a7   Thumb Code     0  arm_startup_nrf52.o(.text)
    COMP_LPCOMP_IRQHandler                   0x0001c4a7   Thumb Code     0  arm_startup_nrf52.o(.text)
    ECB_IRQHandler                           0x0001c4a7   Thumb Code     0  arm_startup_nrf52.o(.text)
    FPU_IRQHandler                           0x0001c4a7   Thumb Code     0  arm_startup_nrf52.o(.text)
    I2S_IRQHandler                           0x0001c4a7   Thumb Code     0  arm_startup_nrf52.o(.text)
    MWU_IRQHandler                           0x0001c4a7   Thumb Code     0  arm_startup_nrf52.o(.text)
    NFCT_IRQHandler                          0x0001c4a7   Thumb Code     0  arm_startup_nrf52.o(.text)
    PDM_IRQHandler                           0x0001c4a7   Thumb Code     0  arm_startup_nrf52.o(.text)
    POWER_CLOCK_IRQHandler                   0x0001c4a7   Thumb Code     0  arm_startup_nrf52.o(.text)
    PWM0_IRQHandler                          0x0001c4a7   Thumb Code     0  arm_startup_nrf52.o(.text)
    PWM1_IRQHandler                          0x0001c4a7   Thumb Code     0  arm_startup_nrf52.o(.text)
    PWM2_IRQHandler                          0x0001c4a7   Thumb Code     0  arm_startup_nrf52.o(.text)
    QDEC_IRQHandler                          0x0001c4a7   Thumb Code     0  arm_startup_nrf52.o(.text)
    RADIO_IRQHandler                         0x0001c4a7   Thumb Code     0  arm_startup_nrf52.o(.text)
    RNG_IRQHandler                           0x0001c4a7   Thumb Code     0  arm_startup_nrf52.o(.text)
    RTC0_IRQHandler                          0x0001c4a7   Thumb Code     0  arm_startup_nrf52.o(.text)
    RTC2_IRQHandler                          0x0001c4a7   Thumb Code     0  arm_startup_nrf52.o(.text)
    SAADC_IRQHandler                         0x0001c4a7   Thumb Code     0  arm_startup_nrf52.o(.text)
    SPIM0_SPIS0_TWIM0_TWIS0_SPI0_TWI0_IRQHandler 0x0001c4a7   Thumb Code     0  arm_startup_nrf52.o(.text)
    SPIM1_SPIS1_TWIM1_TWIS1_SPI1_TWI1_IRQHandler 0x0001c4a7   Thumb Code     0  arm_startup_nrf52.o(.text)
    SPIM2_SPIS2_SPI2_IRQHandler              0x0001c4a7   Thumb Code     0  arm_startup_nrf52.o(.text)
    SWI1_EGU1_IRQHandler                     0x0001c4a7   Thumb Code     0  arm_startup_nrf52.o(.text)
    SWI3_EGU3_IRQHandler                     0x0001c4a7   Thumb Code     0  arm_startup_nrf52.o(.text)
    SWI4_EGU4_IRQHandler                     0x0001c4a7   Thumb Code     0  arm_startup_nrf52.o(.text)
    SWI5_EGU5_IRQHandler                     0x0001c4a7   Thumb Code     0  arm_startup_nrf52.o(.text)
    TEMP_IRQHandler                          0x0001c4a7   Thumb Code     0  arm_startup_nrf52.o(.text)
    TIMER0_IRQHandler                        0x0001c4a7   Thumb Code     0  arm_startup_nrf52.o(.text)
    TIMER1_IRQHandler                        0x0001c4a7   Thumb Code     0  arm_startup_nrf52.o(.text)
    TIMER2_IRQHandler                        0x0001c4a7   Thumb Code     0  arm_startup_nrf52.o(.text)
    TIMER3_IRQHandler                        0x0001c4a7   Thumb Code     0  arm_startup_nrf52.o(.text)
    TIMER4_IRQHandler                        0x0001c4a7   Thumb Code     0  arm_startup_nrf52.o(.text)
    WDT_IRQHandler                           0x0001c4a7   Thumb Code     0  arm_startup_nrf52.o(.text)
    __aeabi_memcpy                           0x0001c4b1   Thumb Code    36  memcpya.o(.text)
    __aeabi_memcpy4                          0x0001c4b1   Thumb Code     0  memcpya.o(.text)
    __aeabi_memcpy8                          0x0001c4b1   Thumb Code     0  memcpya.o(.text)
    __aeabi_memset                           0x0001c4d5   Thumb Code    14  memseta.o(.text)
    __aeabi_memset4                          0x0001c4d5   Thumb Code     0  memseta.o(.text)
    __aeabi_memset8                          0x0001c4d5   Thumb Code     0  memseta.o(.text)
    __aeabi_memclr                           0x0001c4e3   Thumb Code     4  memseta.o(.text)
    __aeabi_memclr4                          0x0001c4e3   Thumb Code     0  memseta.o(.text)
    __aeabi_memclr8                          0x0001c4e3   Thumb Code     0  memseta.o(.text)
    _memset$wrapper                          0x0001c4e7   Thumb Code    18  memseta.o(.text)
    __aeabi_uidiv                            0x0001c4f9   Thumb Code     0  uidiv.o(.text)
    __aeabi_uidivmod                         0x0001c4f9   Thumb Code    44  uidiv.o(.text)
    __aeabi_uldivmod                         0x0001c525   Thumb Code    98  uldiv.o(.text)
    __I$use$fp                               0x0001c587   Thumb Code     0  iusefp.o(.text)
    __aeabi_dadd                             0x0001c587   Thumb Code   322  dadd.o(.text)
    __aeabi_dsub                             0x0001c6c9   Thumb Code     6  dadd.o(.text)
    __aeabi_drsub                            0x0001c6cf   Thumb Code     6  dadd.o(.text)
    __aeabi_dmul                             0x0001c6d5   Thumb Code   228  dmul.o(.text)
    __aeabi_ddiv                             0x0001c7b9   Thumb Code   222  ddiv.o(.text)
    __aeabi_d2ulz                            0x0001c897   Thumb Code    48  dfixul.o(.text)
    __aeabi_cdrcmple                         0x0001c8c9   Thumb Code    48  cdrcmple.o(.text)
    __scatterload                            0x0001c8f9   Thumb Code    28  init.o(.text)
    __scatterload_rt2                        0x0001c8f9   Thumb Code     0  init.o(.text)
    __aeabi_llsl                             0x0001c91d   Thumb Code    30  llshl.o(.text)
    _ll_shift_l                              0x0001c91d   Thumb Code     0  llshl.o(.text)
    __aeabi_llsr                             0x0001c93b   Thumb Code    32  llushr.o(.text)
    _ll_ushift_r                             0x0001c93b   Thumb Code     0  llushr.o(.text)
    __aeabi_lasr                             0x0001c95b   Thumb Code    36  llsshr.o(.text)
    _ll_sshift_r                             0x0001c95b   Thumb Code     0  llsshr.o(.text)
    _double_round                            0x0001c97f   Thumb Code    30  depilogue.o(.text)
    _double_epilogue                         0x0001c99d   Thumb Code   156  depilogue.o(.text)
    GPIOTE_IRQHandler                        0x0001ca39   Thumb Code   316  nrf_drv_gpiote.o(i.GPIOTE_IRQHandler)
    RTC1_IRQHandler                          0x0001cbe5   Thumb Code    32  app_timer.o(i.RTC1_IRQHandler)
    SWI0_EGU0_IRQHandler                     0x0001cc09   Thumb Code     4  app_timer.o(i.SWI0_EGU0_IRQHandler)
    SWI2_EGU2_IRQHandler                     0x0001cc0d   Thumb Code    32  softdevice_handler.o(i.SWI2_EGU2_IRQHandler)
    SystemInit                               0x0001cc31   Thumb Code   566  system_nrf52.o(i.SystemInit)
    UARTE0_UART0_IRQHandler                  0x0001cfa5   Thumb Code    14  nrf_drv_uart.o(i.UARTE0_UART0_IRQHandler)
    __0printf                                0x0001cfb9   Thumb Code    22  printfa.o(i.__0printf)
    __1printf                                0x0001cfb9   Thumb Code     0  printfa.o(i.__0printf)
    __2printf                                0x0001cfb9   Thumb Code     0  printfa.o(i.__0printf)
    __c89printf                              0x0001cfb9   Thumb Code     0  printfa.o(i.__0printf)
    printf                                   0x0001cfb9   Thumb Code     0  printfa.o(i.__0printf)
    __scatterload_copy                       0x0001cfd9   Thumb Code    14  handlers.o(i.__scatterload_copy)
    __scatterload_null                       0x0001cfe7   Thumb Code     2  handlers.o(i.__scatterload_null)
    __scatterload_zeroinit                   0x0001cfe9   Thumb Code    14  handlers.o(i.__scatterload_zeroinit)
    adv_data_encode                          0x0001d88b   Thumb Code   514  ble_advdata.o(i.adv_data_encode)
    app_button_enable                        0x0001dae5   Thumb Code    32  app_button.o(i.app_button_enable)
    app_button_init                          0x0001db09   Thumb Code    96  app_button.o(i.app_button_init)
    app_error_fault_handler                  0x0001db79   Thumb Code    26  app_error_weak.o(i.app_error_fault_handler)
    app_error_handler_bare                   0x0001db9d   Thumb Code    22  app_error.o(i.app_error_handler_bare)
    app_fifo_get                             0x0001dbb3   Thumb Code    22  app_fifo.o(i.app_fifo_get)
    app_fifo_init                            0x0001dbc9   Thumb Code    32  app_fifo.o(i.app_fifo_init)
    app_fifo_put                             0x0001dbe9   Thumb Code    26  app_fifo.o(i.app_fifo_put)
    app_timer_create                         0x0001dc05   Thumb Code    32  app_timer.o(i.app_timer_create)
    app_timer_init                           0x0001dc29   Thumb Code   134  app_timer.o(i.app_timer_init)
    app_timer_start                          0x0001dcb9   Thumb Code   118  app_timer.o(i.app_timer_start)
    app_timer_stop                           0x0001dd39   Thumb Code    76  app_timer.o(i.app_timer_stop)
    app_uart_get                             0x0001dd89   Thumb Code    44  app_uart_fifo.o(i.app_uart_get)
    app_uart_init                            0x0001ddbd   Thumb Code   146  app_uart_fifo.o(i.app_uart_init)
    app_uart_put                             0x0001de61   Thumb Code    44  app_uart_fifo.o(i.app_uart_put)
    ble_advdata_set                          0x0001df0d   Thumb Code   104  ble_advdata.o(i.ble_advdata_set)
    ble_advertising_init                     0x0001df75   Thumb Code   274  ble_advertising.o(i.ble_advertising_init)
    ble_advertising_on_ble_evt               0x0001e091   Thumb Code   122  ble_advertising.o(i.ble_advertising_on_ble_evt)
    ble_advertising_restart_without_whitelist 0x0001e121   Thumb Code    70  ble_advertising.o(i.ble_advertising_restart_without_whitelist)
    ble_advertising_start                    0x0001e171   Thumb Code   470  ble_advertising.o(i.ble_advertising_start)
    ble_conn_params_init                     0x0001e351   Thumb Code    72  ble_conn_params.o(i.ble_conn_params_init)
    ble_conn_params_on_ble_evt               0x0001e3a9   Thumb Code   120  ble_conn_params.o(i.ble_conn_params_on_ble_evt)
    ble_nus_init                             0x0001e4b9   Thumb Code    94  ble_nus.o(i.ble_nus_init)
    ble_nus_on_ble_evt                       0x0001e51d   Thumb Code    82  ble_nus.o(i.ble_nus_on_ble_evt)
    ble_nus_string_send                      0x0001e56f   Thumb Code    78  ble_nus.o(i.ble_nus_string_send)
    bsp_btn_ble_init                         0x0001e625   Thumb Code    72  bsp_btn_ble.o(i.bsp_btn_ble_init)
    bsp_btn_ble_on_ble_evt                   0x0001e671   Thumb Code   106  bsp_btn_ble.o(i.bsp_btn_ble_on_ble_evt)
    bsp_btn_ble_sleep_mode_prepare           0x0001e6e1   Thumb Code    18  bsp_btn_ble.o(i.bsp_btn_ble_sleep_mode_prepare)
    bsp_button_is_pressed                    0x0001e79d   Thumb Code    34  bsp.o(i.bsp_button_is_pressed)
    bsp_event_handler                        0x0001e7c9   Thumb Code    54  main.o(i.bsp_event_handler)
    bsp_event_to_button_action_assign        0x0001e805   Thumb Code    64  bsp.o(i.bsp_event_to_button_action_assign)
    bsp_indication_set                       0x0001e849   Thumb Code    20  bsp.o(i.bsp_indication_set)
    bsp_init                                 0x0001e861   Thumb Code   140  bsp.o(i.bsp_init)
    bsp_wakeup_buttons_set                   0x0001eb29   Thumb Code    54  bsp.o(i.bsp_wakeup_buttons_set)
    fputc                                    0x0001ef87   Thumb Code    14  retarget.o(i.fputc)
    fs_queued_op_count_get                   0x0001ef95   Thumb Code    16  fstorage.o(i.fs_queued_op_count_get)
    intern_softdevice_events_execute         0x0001f001   Thumb Code   106  softdevice_handler.o(i.intern_softdevice_events_execute)
    led_init                                 0x0001f0e1   Thumb Code   108  led_display.o(i.led_init)
    main                                     0x0001f2f9   Thumb Code   376  main.o(i.main)
    nrf_drv_common_irq_enable                0x0001f5e1   Thumb Code    56  nrf_drv_common.o(i.nrf_drv_common_irq_enable)
    nrf_drv_gpiote_in_event_enable           0x0001f619   Thumb Code   150  nrf_drv_gpiote.o(i.nrf_drv_gpiote_in_event_enable)
    nrf_drv_gpiote_in_init                   0x0001f6bd   Thumb Code   170  nrf_drv_gpiote.o(i.nrf_drv_gpiote_in_init)
    nrf_drv_gpiote_in_is_set                 0x0001f775   Thumb Code    16  nrf_drv_gpiote.o(i.nrf_drv_gpiote_in_is_set)
    nrf_drv_gpiote_init                      0x0001f789   Thumb Code    76  nrf_drv_gpiote.o(i.nrf_drv_gpiote_init)
    nrf_drv_gpiote_is_init                   0x0001f7dd   Thumb Code    14  nrf_drv_gpiote.o(i.nrf_drv_gpiote_is_init)
    nrf_drv_uart_init                        0x0001f7f1   Thumb Code   126  nrf_drv_uart.o(i.nrf_drv_uart_init)
    nrf_drv_uart_rx                          0x0001f885   Thumb Code   132  nrf_drv_uart.o(i.nrf_drv_uart_rx)
    nrf_drv_uart_rx_enable                   0x0001f911   Thumb Code    26  nrf_drv_uart.o(i.nrf_drv_uart_rx_enable)
    nrf_drv_uart_tx                          0x0001fa5d   Thumb Code   134  nrf_drv_uart.o(i.nrf_drv_uart_tx)
    nrf_drv_uart_tx_in_progress              0x0001fb6d   Thumb Code    12  nrf_drv_uart.o(i.nrf_drv_uart_tx_in_progress)
    pstorage_access_status_get               0x0001fd85   Thumb Code    28  pstorage.o(i.pstorage_access_status_get)
    sd_check_ram_start                       0x0001ff29   Thumb Code    10  softdevice_handler.o(i.sd_check_ram_start)
    softdevice_ble_evt_handler_set           0x00020071   Thumb Code    14  softdevice_handler.o(i.softdevice_ble_evt_handler_set)
    softdevice_enable                        0x00020085   Thumb Code    14  softdevice_handler.o(i.softdevice_enable)
    softdevice_enable_get_default_config     0x00020099   Thumb Code    38  softdevice_handler.o(i.softdevice_enable_get_default_config)
    softdevice_fault_handler                 0x000200bf   Thumb Code     4  softdevice_handler.o(i.softdevice_fault_handler)
    softdevice_handler_init                  0x000200c5   Thumb Code    42  softdevice_handler.o(i.softdevice_handler_init)
    uart_event_handle                        0x00020409   Thumb Code    84  main.o(i.uart_event_handle)
    bubble_wall_pic                          0x000208b4   Data         680  led_display.o(.constdata)
    Region$$Table$$Base                      0x00020bf4   Number         0  anon$$obj.o(Region$$Table)
    Region$$Table$$Limit                     0x00020c14   Number         0  anon$$obj.o(Region$$Table)
    Image$$RW_IRAM1$$Base                    0x20002080   Number         0  anon$$obj.o ABSOLUTE
    led_chang_time_cnt                       0x20002088   Data           2  led_display.o(.data)
    led_close_time_cnt                       0x2000208a   Data           2  led_display.o(.data)
    latch_gpio_pin                           0x20002090   Data           8  led_display.o(.data)
    m_bubble_wall_pic_frame                  0x20002098   Data           8  led_display.o(.data)
    __stdout                                 0x20002154   Data           4  retarget.o(.data)
    SystemCoreClock                          0x2000216c   Data           4  system_nrf52.o(.data)
    bubble_wall_pic_one_frame                0x200025f0   Data          32  led_display.o(.bss)
    nrf_nvic_state                           0x200029a4   Data          12  softdevice_handler.o(.bss)
    __initial_sp                             0x200049b0   Data           0  arm_startup_nrf52.o(STACK)



==============================================================================

Memory Map of the image

  Image Entry point : 0x0001c401

  Load Region LR_IROM1 (Base: 0x0001c000, Size: 0x00004d04, Max: 0x00064000, ABSOLUTE)

    Execution Region ER_IROM1 (Base: 0x0001c000, Size: 0x00004c14, Max: 0x00064000, ABSOLUTE)

    Base Addr    Size         Type   Attr      Idx    E Section Name        Object

    0x0001c000   0x00000400   Data   RO         2598    RESET               arm_startup_nrf52.o
    0x0001c400   0x00000000   Code   RO         2639  * .ARM.Collect$$$$00000000  mc_w.l(entry.o)
    0x0001c400   0x00000004   Code   RO         2912    .ARM.Collect$$$$00000001  mc_w.l(entry2.o)
    0x0001c404   0x00000004   Code   RO         2915    .ARM.Collect$$$$00000004  mc_w.l(entry5.o)
    0x0001c408   0x00000000   Code   RO         2917    .ARM.Collect$$$$00000008  mc_w.l(entry7b.o)
    0x0001c408   0x00000000   Code   RO         2919    .ARM.Collect$$$$0000000A  mc_w.l(entry8b.o)
    0x0001c408   0x00000008   Code   RO         2920    .ARM.Collect$$$$0000000B  mc_w.l(entry9a.o)
    0x0001c410   0x00000000   Code   RO         2922    .ARM.Collect$$$$0000000D  mc_w.l(entry10a.o)
    0x0001c410   0x00000000   Code   RO         2924    .ARM.Collect$$$$0000000F  mc_w.l(entry11a.o)
    0x0001c410   0x00000004   Code   RO         2913    .ARM.Collect$$$$00002712  mc_w.l(entry2.o)
    0x0001c414   0x00000076   Code   RO         1893    .emb_text           app_timer.o
    0x0001c48a   0x00000002   PAD
    0x0001c48c   0x00000024   Code   RO         2599    .text               arm_startup_nrf52.o
    0x0001c4b0   0x00000024   Code   RO         2642    .text               mc_w.l(memcpya.o)
    0x0001c4d4   0x00000024   Code   RO         2644    .text               mc_w.l(memseta.o)
    0x0001c4f8   0x0000002c   Code   RO         2926    .text               mc_w.l(uidiv.o)
    0x0001c524   0x00000062   Code   RO         2928    .text               mc_w.l(uldiv.o)
    0x0001c586   0x00000000   Code   RO         2930    .text               mc_w.l(iusefp.o)
    0x0001c586   0x0000014e   Code   RO         2931    .text               mf_w.l(dadd.o)
    0x0001c6d4   0x000000e4   Code   RO         2933    .text               mf_w.l(dmul.o)
    0x0001c7b8   0x000000de   Code   RO         2935    .text               mf_w.l(ddiv.o)
    0x0001c896   0x00000030   Code   RO         2937    .text               mf_w.l(dfixul.o)
    0x0001c8c6   0x00000002   PAD
    0x0001c8c8   0x00000030   Code   RO         2939    .text               mf_w.l(cdrcmple.o)
    0x0001c8f8   0x00000024   Code   RO         2941    .text               mc_w.l(init.o)
    0x0001c91c   0x0000001e   Code   RO         2943    .text               mc_w.l(llshl.o)
    0x0001c93a   0x00000020   Code   RO         2945    .text               mc_w.l(llushr.o)
    0x0001c95a   0x00000024   Code   RO         2947    .text               mc_w.l(llsshr.o)
    0x0001c97e   0x000000ba   Code   RO         2949    .text               mf_w.l(depilogue.o)
    0x0001ca38   0x00000148   Code   RO         1044    i.GPIOTE_IRQHandler  nrf_drv_gpiote.o
    0x0001cb80   0x00000016   Code   RO         1894    i.NVIC_ClearPendingIRQ  app_timer.o
    0x0001cb96   0x00000016   Code   RO         1895    i.NVIC_EnableIRQ    app_timer.o
    0x0001cbac   0x00000016   Code   RO         1896    i.NVIC_SetPendingIRQ  app_timer.o
    0x0001cbc2   0x00000020   Code   RO         1897    i.NVIC_SetPriority  app_timer.o
    0x0001cbe2   0x00000002   PAD
    0x0001cbe4   0x00000024   Code   RO         1898    i.RTC1_IRQHandler   app_timer.o
    0x0001cc08   0x00000004   Code   RO         1899    i.SWI0_EGU0_IRQHandler  app_timer.o
    0x0001cc0c   0x00000024   Code   RO         2498    i.SWI2_EGU2_IRQHandler  softdevice_handler.o
    0x0001cc30   0x0000026c   Code   RO         2607    i.SystemInit        system_nrf52.o
    0x0001ce9c   0x00000098   Code   RO          285    i.Timer_change_frame_process  led_display.o
    0x0001cf34   0x00000070   Code   RO          286    i.Timer_close_led_process  led_display.o
    0x0001cfa4   0x00000014   Code   RO         1243    i.UARTE0_UART0_IRQHandler  nrf_drv_uart.o
    0x0001cfb8   0x00000020   Code   RO         2885    i.__0printf         mc_w.l(printfa.o)
    0x0001cfd8   0x0000000e   Code   RO         2953    i.__scatterload_copy  mc_w.l(handlers.o)
    0x0001cfe6   0x00000002   Code   RO         2954    i.__scatterload_null  mc_w.l(handlers.o)
    0x0001cfe8   0x0000000e   Code   RO         2955    i.__scatterload_zeroinit  mc_w.l(handlers.o)
    0x0001cff6   0x00000002   PAD
    0x0001cff8   0x00000164   Code   RO         2892    i._fp_digits        mc_w.l(printfa.o)
    0x0001d15c   0x000006dc   Code   RO         2893    i._printf_core      mc_w.l(printfa.o)
    0x0001d838   0x00000024   Code   RO         2894    i._printf_post_padding  mc_w.l(printfa.o)
    0x0001d85c   0x0000002e   Code   RO         2895    i._printf_pre_padding  mc_w.l(printfa.o)
    0x0001d88a   0x00000202   Code   RO          540    i.adv_data_encode   ble_advdata.o
    0x0001da8c   0x00000036   Code   RO          497    i.advertising_buttons_configure  bsp_btn_ble.o
    0x0001dac2   0x00000002   PAD
    0x0001dac4   0x00000020   Code   RO          390    i.alert_timer_handler  bsp.o
    0x0001dae4   0x00000024   Code   RO         1694    i.app_button_enable  app_button.o
    0x0001db08   0x00000070   Code   RO         1695    i.app_button_init   app_button.o
    0x0001db78   0x00000024   Code   RO         1795    i.app_error_fault_handler  app_error_weak.o
    0x0001db9c   0x00000016   Code   RO         1756    i.app_error_handler_bare  app_error.o
    0x0001dbb2   0x00000016   Code   RO         1824    i.app_fifo_get      app_fifo.o
    0x0001dbc8   0x00000020   Code   RO         1825    i.app_fifo_init     app_fifo.o
    0x0001dbe8   0x0000001a   Code   RO         1827    i.app_fifo_put      app_fifo.o
    0x0001dc02   0x00000002   PAD
    0x0001dc04   0x00000024   Code   RO         1902    i.app_timer_create  app_timer.o
    0x0001dc28   0x00000090   Code   RO         1903    i.app_timer_init    app_timer.o
    0x0001dcb8   0x00000080   Code   RO         1904    i.app_timer_start   app_timer.o
    0x0001dd38   0x00000050   Code   RO         1905    i.app_timer_stop    app_timer.o
    0x0001dd88   0x00000034   Code   RO          892    i.app_uart_get      app_uart_fifo.o
    0x0001ddbc   0x000000a4   Code   RO          893    i.app_uart_init     app_uart_fifo.o
    0x0001de60   0x00000034   Code   RO          894    i.app_uart_put      app_uart_fifo.o
    0x0001de94   0x00000078   Code   RO         1244    i.apply_config      nrf_drv_uart.o
    0x0001df0c   0x00000068   Code   RO          541    i.ble_advdata_set   ble_advdata.o
    0x0001df74   0x0000011c   Code   RO          631    i.ble_advertising_init  ble_advertising.o
    0x0001e090   0x00000080   Code   RO          632    i.ble_advertising_on_ble_evt  ble_advertising.o
    0x0001e110   0x00000010   Code   RO          635    i.ble_advertising_peer_address_clear  ble_advertising.o
    0x0001e120   0x00000050   Code   RO          636    i.ble_advertising_restart_without_whitelist  ble_advertising.o
    0x0001e170   0x000001e0   Code   RO          637    i.ble_advertising_start  ble_advertising.o
    0x0001e350   0x00000058   Code   RO          722    i.ble_conn_params_init  ble_conn_params.o
    0x0001e3a8   0x00000084   Code   RO          723    i.ble_conn_params_on_ble_evt  ble_conn_params.o
    0x0001e42c   0x0000005e   Code   RO          542    i.ble_device_addr_encode  ble_advdata.o
    0x0001e48a   0x00000002   PAD
    0x0001e48c   0x0000002c   Code   RO            5    i.ble_evt_dispatch  main.o
    0x0001e4b8   0x00000064   Code   RO          796    i.ble_nus_init      ble_nus.o
    0x0001e51c   0x00000052   Code   RO          797    i.ble_nus_on_ble_evt  ble_nus.o
    0x0001e56e   0x0000004e   Code   RO          798    i.ble_nus_string_send  ble_nus.o
    0x0001e5bc   0x00000068   Code   RO            6    i.ble_stack_init    main.o
    0x0001e624   0x0000004c   Code   RO          498    i.bsp_btn_ble_init  bsp_btn_ble.o
    0x0001e670   0x00000070   Code   RO          499    i.bsp_btn_ble_on_ble_evt  bsp_btn_ble.o
    0x0001e6e0   0x00000012   Code   RO          500    i.bsp_btn_ble_sleep_mode_prepare  bsp_btn_ble.o
    0x0001e6f2   0x00000002   PAD
    0x0001e6f4   0x000000a8   Code   RO          391    i.bsp_button_event_handler  bsp.o
    0x0001e79c   0x0000002c   Code   RO          392    i.bsp_button_is_pressed  bsp.o
    0x0001e7c8   0x0000003c   Code   RO            7    i.bsp_event_handler  main.o
    0x0001e804   0x00000044   Code   RO          396    i.bsp_event_to_button_action_assign  bsp.o
    0x0001e848   0x00000018   Code   RO          397    i.bsp_indication_set  bsp.o
    0x0001e860   0x000000a4   Code   RO          399    i.bsp_init          bsp.o
    0x0001e904   0x00000224   Code   RO          400    i.bsp_led_indication  bsp.o
    0x0001eb28   0x0000003c   Code   RO          401    i.bsp_wakeup_buttons_set  bsp.o
    0x0001eb64   0x00000008   Code   RO          402    i.button_timer_handler  bsp.o
    0x0001eb6c   0x0000001c   Code   RO         1045    i.channel_free      nrf_drv_gpiote.o
    0x0001eb88   0x00000048   Code   RO         1046    i.channel_port_alloc  nrf_drv_gpiote.o
    0x0001ebd0   0x00000010   Code   RO         1047    i.channel_port_get  nrf_drv_gpiote.o
    0x0001ebe0   0x000000ac   Code   RO         1907    i.compare_reg_update  app_timer.o
    0x0001ec8c   0x00000088   Code   RO          543    i.conn_int_encode   ble_advdata.o
    0x0001ed14   0x00000004   Code   RO            8    i.conn_params_error_handler  main.o
    0x0001ed18   0x0000005c   Code   RO          725    i.conn_params_negotiation  ble_conn_params.o
    0x0001ed74   0x00000060   Code   RO         1697    i.detection_delay_timeout_handler  app_button.o
    0x0001edd4   0x0000014c   Code   RO          287    i.display_one_frame  led_display.o
    0x0001ef20   0x00000040   Code   RO         1908    i.elapsed_ticks_acquire  app_timer.o
    0x0001ef60   0x00000014   Code   RO         1830    i.fifo_get          app_fifo.o
    0x0001ef74   0x00000012   Code   RO         1831    i.fifo_put          app_fifo.o
    0x0001ef86   0x0000000e   Code   RO         2314    i.fputc             retarget.o
    0x0001ef94   0x00000014   Code   RO         2108    i.fs_queued_op_count_get  fstorage.o
    0x0001efa8   0x00000058   Code   RO         1698    i.gpiote_event_handler  app_button.o
    0x0001f000   0x00000070   Code   RO         2499    i.intern_softdevice_events_execute  softdevice_handler.o
    0x0001f070   0x0000001c   Code   RO          726    i.is_conn_params_ok  ble_conn_params.o
    0x0001f08c   0x00000054   Code   RO          544    i.le_role_encode    ble_advdata.o
    0x0001f0e0   0x0000007c   Code   RO          288    i.led_init          led_display.o
    0x0001f15c   0x00000014   Code   RO          403    i.leds_timer_handler  bsp.o
    0x0001f170   0x000000bc   Code   RO         1909    i.list_deletions_handler  app_timer.o
    0x0001f22c   0x000000cc   Code   RO         1910    i.list_insertions_handler  app_timer.o
    0x0001f2f8   0x000001e8   Code   RO            9    i.main              main.o
    0x0001f4e0   0x00000064   Code   RO          545    i.manuf_specific_data_encode  ble_advdata.o
    0x0001f544   0x0000009c   Code   RO          546    i.name_encode       ble_advdata.o
    0x0001f5e0   0x00000038   Code   RO         1006    i.nrf_drv_common_irq_enable  nrf_drv_common.o
    0x0001f618   0x000000a4   Code   RO         1050    i.nrf_drv_gpiote_in_event_enable  nrf_drv_gpiote.o
    0x0001f6bc   0x000000b8   Code   RO         1051    i.nrf_drv_gpiote_in_init  nrf_drv_gpiote.o
    0x0001f774   0x00000014   Code   RO         1052    i.nrf_drv_gpiote_in_is_set  nrf_drv_gpiote.o
    0x0001f788   0x00000054   Code   RO         1054    i.nrf_drv_gpiote_init  nrf_drv_gpiote.o
    0x0001f7dc   0x00000014   Code   RO         1055    i.nrf_drv_gpiote_is_init  nrf_drv_gpiote.o
    0x0001f7f0   0x00000094   Code   RO         1246    i.nrf_drv_uart_init  nrf_drv_uart.o
    0x0001f884   0x0000008c   Code   RO         1247    i.nrf_drv_uart_rx   nrf_drv_uart.o
    0x0001f910   0x00000020   Code   RO         1250    i.nrf_drv_uart_rx_enable  nrf_drv_uart.o
    0x0001f930   0x0000009c   Code   RO         1251    i.nrf_drv_uart_rx_for_uart  nrf_drv_uart.o
    0x0001f9cc   0x00000090   Code   RO         1252    i.nrf_drv_uart_rx_for_uarte  nrf_drv_uart.o
    0x0001fa5c   0x00000090   Code   RO         1253    i.nrf_drv_uart_tx   nrf_drv_uart.o
    0x0001faec   0x00000080   Code   RO         1255    i.nrf_drv_uart_tx_for_uart  nrf_drv_uart.o
    0x0001fb6c   0x00000010   Code   RO         1256    i.nrf_drv_uart_tx_in_progress  nrf_drv_uart.o
    0x0001fb7c   0x00000022   Code   RO         1067    i.nrf_gpio_cfg      nrf_drv_gpiote.o
    0x0001fb9e   0x00000022   Code   RO         1258    i.nrf_gpio_cfg      nrf_drv_uart.o
    0x0001fbc0   0x00000012   Code   RO         1260    i.nrf_gpio_cfg_input  nrf_drv_uart.o
    0x0001fbd2   0x0000000e   Code   RO          289    i.nrf_gpio_cfg_output  led_display.o
    0x0001fbe0   0x00000014   Code   RO         1261    i.nrf_gpio_cfg_output  nrf_drv_uart.o
    0x0001fbf4   0x0000001c   Code   RO         1069    i.nrf_gpio_cfg_sense_set  nrf_drv_gpiote.o
    0x0001fc10   0x00000010   Code   RO          290    i.nrf_gpio_pin_clear  led_display.o
    0x0001fc20   0x00000010   Code   RO          291    i.nrf_gpio_pin_set  led_display.o
    0x0001fc30   0x00000014   Code   RO         1070    i.nrf_gpiote_event_clear  nrf_drv_gpiote.o
    0x0001fc44   0x00000010   Code   RO         1071    i.nrf_gpiote_event_is_set  nrf_drv_gpiote.o
    0x0001fc54   0x0000000a   Code   RO         1262    i.nrf_uart_event_check  nrf_drv_uart.o
    0x0001fc5e   0x0000000c   Code   RO         1263    i.nrf_uart_int_enable_check  nrf_drv_uart.o
    0x0001fc6a   0x0000000a   Code   RO         1264    i.nrf_uarte_event_check  nrf_drv_uart.o
    0x0001fc74   0x00000026   Code   RO           10    i.nus_data_handler  main.o
    0x0001fc9a   0x00000024   Code   RO           11    i.on_adv_evt        main.o
    0x0001fcbe   0x00000002   PAD
    0x0001fcc0   0x00000064   Code   RO           12    i.on_ble_evt        main.o
    0x0001fd24   0x0000001c   Code   RO           13    i.on_conn_params_evt  main.o
    0x0001fd40   0x00000014   Code   RO          639    i.peer_address_exists  ble_advertising.o
    0x0001fd54   0x00000018   Code   RO         1072    i.pin_in_use_by_port  nrf_drv_gpiote.o
    0x0001fd6c   0x00000018   Code   RO         1073    i.pin_in_use_by_te  nrf_drv_gpiote.o
    0x0001fd84   0x00000024   Code   RO         1462    i.pstorage_access_status_get  pstorage.o
    0x0001fda8   0x0000003c   Code   RO         1911    i.rtc1_stop         app_timer.o
    0x0001fde4   0x00000030   Code   RO         1266    i.rx_byte           nrf_drv_uart.o
    0x0001fe14   0x000000dc   Code   RO          799    i.rx_char_add       ble_nus.o
    0x0001fef0   0x00000020   Code   RO         1267    i.rx_done_event     nrf_drv_uart.o
    0x0001ff10   0x00000018   Code   RO         1268    i.rx_enable         nrf_drv_uart.o
    0x0001ff28   0x00000010   Code   RO         2500    i.sd_check_ram_start  softdevice_handler.o
    0x0001ff38   0x00000088   Code   RO         2501    i.sd_nvic_EnableIRQ  softdevice_handler.o
    0x0001ffc0   0x00000088   Code   RO          547    i.service_data_encode  ble_advdata.o
    0x00020048   0x00000028   Code   RO           14    i.sleep_mode_enter  main.o
    0x00020070   0x00000014   Code   RO         2502    i.softdevice_ble_evt_handler_set  softdevice_handler.o
    0x00020084   0x00000014   Code   RO         2503    i.softdevice_enable  softdevice_handler.o
    0x00020098   0x00000026   Code   RO         2504    i.softdevice_enable_get_default_config  softdevice_handler.o
    0x000200be   0x00000004   Code   RO         2505    i.softdevice_fault_handler  softdevice_handler.o
    0x000200c2   0x00000002   PAD
    0x000200c4   0x00000034   Code   RO         2506    i.softdevice_handler_init  softdevice_handler.o
    0x000200f8   0x0000008c   Code   RO         1912    i.timer_list_handler  app_timer.o
    0x00020184   0x0000003c   Code   RO         1913    i.timer_list_insert  app_timer.o
    0x000201c0   0x00000084   Code   RO         1914    i.timer_timeouts_check  app_timer.o
    0x00020244   0x000000dc   Code   RO          292    i.turn_off_led      led_display.o
    0x00020320   0x00000024   Code   RO         1269    i.tx_byte           nrf_drv_uart.o
    0x00020344   0x000000a0   Code   RO          800    i.tx_char_add       ble_nus.o
    0x000203e4   0x00000024   Code   RO         1270    i.tx_done_event     nrf_drv_uart.o
    0x00020408   0x0000005c   Code   RO           15    i.uart_event_handle  main.o
    0x00020464   0x000000a8   Code   RO          895    i.uart_event_handler  app_uart_fifo.o
    0x0002050c   0x00000108   Code   RO         1271    i.uart_irq_handler  nrf_drv_uart.o
    0x00020614   0x000000d8   Code   RO         1272    i.uarte_irq_handler  nrf_drv_uart.o
    0x000206ec   0x0000000a   Code   RO          548    i.uint16_encode     ble_advdata.o
    0x000206f6   0x00000002   PAD
    0x000206f8   0x00000060   Code   RO          727    i.update_timeout_handler  ble_conn_params.o
    0x00020758   0x0000003e   Code   RO         1915    i.user_id_get       app_timer.o
    0x00020796   0x00000028   Code   RO         1916    i.user_op_alloc     app_timer.o
    0x000207be   0x00000030   Code   RO          549    i.uuid_list_encode  ble_advdata.o
    0x000207ee   0x0000009e   Code   RO          550    i.uuid_list_sized_encode  ble_advdata.o
    0x0002088c   0x0000000e   Code   RO          640    i.whitelist_has_entries  ble_advertising.o
    0x0002089a   0x00000002   PAD
    0x0002089c   0x00000010   Data   RO           17    .constdata          main.o
    0x000208ac   0x000002b0   Data   RO          296    .constdata          led_display.o
    0x00020b5c   0x0000003c   Data   RO          408    .constdata          bsp.o
    0x00020b98   0x00000004   Data   RO          730    .constdata          ble_conn_params.o
    0x00020b9c   0x00000010   Data   RO          801    .constdata          ble_nus.o
    0x00020bac   0x00000020   Data   RO          897    .constdata          app_uart_fifo.o
    0x00020bcc   0x00000020   Data   RO         1274    .constdata          nrf_drv_uart.o
    0x00020bec   0x00000008   Data   RO         1700    .constdata          app_button.o
    0x00020bf4   0x00000020   Data   RO         2951    Region$$Table       anon$$obj.o


    Execution Region RW_IRAM1 (Base: 0x20002080, Size: 0x00002930, Max: 0x0000df80, ABSOLUTE)

    Base Addr    Size         Type   Attr      Idx    E Section Name        Object

    0x20002080   0x00000008   Data   RW           18    .data               main.o
    0x20002088   0x00000018   Data   RW          297    .data               led_display.o
    0x200020a0   0x00000018   Data   RW          409    .data               bsp.o
    0x200020b8   0x00000008   Data   RW          501    .data               bsp_btn_ble.o
    0x200020c0   0x0000001f   Data   RW          642    .data               ble_advertising.o
    0x200020df   0x00000001   PAD
    0x200020e0   0x00000014   Data   RW          731    .data               ble_conn_params.o
    0x200020f4   0x00000008   Data   RW          898    .data               app_uart_fifo.o
    0x200020fc   0x00000024   Data   RW         1487    .data               pstorage.o
    0x20002120   0x00000014   Data   RW         1701    .data               app_button.o
    0x20002134   0x00000020   Data   RW         1917    .data               app_timer.o
    0x20002154   0x00000004   Data   RW         2315    .data               retarget.o
    0x20002158   0x00000014   Data   RW         2511    .data               softdevice_handler.o
    0x2000216c   0x00000004   Data   RW         2608    .data               system_nrf52.o
    0x20002170   0x00000440   Zero   RW           16    .bss                main.o
    0x200025b0   0x00000020   Zero   RW          293    .bss                led_display.o
    0x200025d0   0x00000020   Zero   RW          294    .bss                led_display.o
    0x200025f0   0x00000020   Zero   RW          295    .bss                led_display.o
    0x20002610   0x00000020   Zero   RW          404    .bss                bsp.o
    0x20002630   0x00000020   Zero   RW          405    .bss                bsp.o
    0x20002650   0x0000000c   Zero   RW          406    .bss                bsp.o
    0x2000265c   0x00000020   Zero   RW          407    .bss                bsp.o
    0x2000267c   0x00000103   Zero   RW          641    .bss                ble_advertising.o
    0x2000277f   0x00000001   PAD
    0x20002780   0x00000020   Zero   RW          728    .bss                ble_conn_params.o
    0x200027a0   0x0000001c   Zero   RW          729    .bss                ble_conn_params.o
    0x200027bc   0x00000020   Zero   RW          896    .bss                app_uart_fifo.o
    0x200027dc   0x00000058   Zero   RW         1074    .bss                nrf_drv_gpiote.o
    0x20002834   0x00000020   Zero   RW         1273    .bss                nrf_drv_uart.o
    0x20002854   0x000000d8   Zero   RW         1485    .bss                pstorage.o
    0x2000292c   0x00000020   Zero   RW         1699    .bss                app_button.o
    0x2000294c   0x00000058   Zero   RW         2117    .bss                fstorage.o
    0x200029a4   0x0000000c   Zero   RW         2510    .bss                softdevice_handler.o
    0x200029b0   0x00002000   Zero   RW         2596    STACK               arm_startup_nrf52.o


==============================================================================

Image component sizes


      Code (inc. data)   RO Data    RW Data    ZI Data      Debug   Object Name

       332         34          8         20         32       9774   app_button.o
        22          0          0          0          0       2205   app_error.o
        36         10          0          0          0      27329   app_error_weak.o
       118          0          0          0          0       4322   app_fifo.o
      1766         94          0         32          0      55031   app_timer.o
       436         42         32          8         32      10422   app_uart_fifo.o
        36          8       1024          0       8192        904   arm_startup_nrf52.o
      1540          0          0          0          0      20052   ble_advdata.o
      1022         40          0         31        259       9556   ble_advertising.o
       436         54          4         20         60      13536   ble_conn_params.o
       640          6         16          0          0       5726   ble_nus.o
      1136        108         60         24        108      10077   bsp.o
       260         10          0          8          0       4685   bsp_btn_ble.o
        20          4          0          0         88       3696   fstorage.o
       986        168        688         24         96      10495   led_display.o
      1034        160         16          8       1088     114451   main.o
        56          0          0          0          0      28803   nrf_drv_common.o
      1062         92          0          0         88      23892   nrf_drv_gpiote.o
      1808        150         32          0         32      35689   nrf_drv_uart.o
        36          8          0         36        216      11009   pstorage.o
        14          0          0          4          0       2778   retarget.o
       434         46          0         20         12      39040   softdevice_handler.o
       620         54          0          4          0       2531   system_nrf52.o

    ----------------------------------------------------------------------
     13870       1088       1912        240      10304     446003   Object Totals
         0          0         32          0          0          0   (incl. Generated)
        20          0          0          1          1          0   (incl. Padding)

    ----------------------------------------------------------------------

      Code (inc. data)   RO Data    RW Data    ZI Data      Debug   Library Member Name

         0          0          0          0          0          0   entry.o
         0          0          0          0          0          0   entry10a.o
         0          0          0          0          0          0   entry11a.o
         8          4          0          0          0          0   entry2.o
         4          0          0          0          0          0   entry5.o
         0          0          0          0          0          0   entry7b.o
         0          0          0          0          0          0   entry8b.o
         8          4          0          0          0          0   entry9a.o
        30          0          0          0          0          0   handlers.o
        36          8          0          0          0         68   init.o
         0          0          0          0          0          0   iusefp.o
        30          0          0          0          0         68   llshl.o
        36          0          0          0          0         68   llsshr.o
        32          0          0          0          0         68   llushr.o
        36          0          0          0          0         68   memcpya.o
        36          0          0          0          0        108   memseta.o
      2226         90          0          0          0        444   printfa.o
        44          0          0          0          0         80   uidiv.o
        98          0          0          0          0         92   uldiv.o
        48          0          0          0          0         68   cdrcmple.o
       334          0          0          0          0        148   dadd.o
       222          0          0          0          0        100   ddiv.o
       186          0          0          0          0        176   depilogue.o
        48          0          0          0          0         68   dfixul.o
       228          0          0          0          0         96   dmul.o

    ----------------------------------------------------------------------
      3694        106          0          0          0       1720   Library Totals
         4          0          0          0          0          0   (incl. Padding)

    ----------------------------------------------------------------------

      Code (inc. data)   RO Data    RW Data    ZI Data      Debug   Library Name

      2624        106          0          0          0       1064   mc_w.l
      1066          0          0          0          0        656   mf_w.l

    ----------------------------------------------------------------------
      3694        106          0          0          0       1720   Library Totals

    ----------------------------------------------------------------------

==============================================================================


      Code (inc. data)   RO Data    RW Data    ZI Data      Debug   

     17564       1194       1912        240      10304     432743   Grand Totals
     17564       1194       1912        240      10304     432743   ELF Image Totals
     17564       1194       1912        240          0          0   ROM Totals

==============================================================================

    Total RO  Size (Code + RO Data)                19476 (  19.02kB)
    Total RW  Size (RW Data + ZI Data)             10544 (  10.30kB)
    Total ROM Size (Code + RO Data + RW Data)      19716 (  19.25kB)

==============================================================================

